2025-07-27 12:03:04 - ERROR - ExecuteInsert - Error: inserción o actualización en la tabla «usuario» viola la llave foránea «usuario_persona_id_fkey»
DETAIL:  La llave (persona_id)=(99999) no está presente en la tabla «persona».

2025-07-27 12:03:04 - ERROR - UsuarioComponent.create_usuario - Error insertando usuario
2025-07-27 12:03:04 - ERROR - UsuarioService.create_usuario - Error: Error creando usuario
2025-07-27 12:03:06 - ERROR - ExecuteInsert - Error: inserción o actualización en la tabla «usuario» viola la llave foránea «usuario_rol_id_fkey»
DETAIL:  La llave (rol_id)=(99999) no está presente en la tabla «rol».

2025-07-27 12:03:06 - ERROR - UsuarioComponent.create_usuario - Error insertando usuario
2025-07-27 12:03:06 - ERROR - UsuarioService.create_usuario - Error: Error creando usuario
2025-07-27 12:03:08 - ERROR - PersonaService.create_persona - Error: La cedula ya existe
2025-07-27 12:03:08 - ERROR - UsuarioService.create_usuario - Error: El nombre de usuario ya existe
2025-07-27 12:03:13 - ERROR - PersonaService.delete_persona - Error: Persona no encontrada
2025-07-27 12:03:13 - ERROR - PersonalService.assign_especialidad - Error: Esta especialidad ya está asignada a este personal
2025-07-27 12:03:37 - ERROR - PersonalService.create_personal - Error: Esta persona ya está registrada como personal
2025-07-27 12:03:43 - ERROR - ExecuteInsert - Error: inserción o actualización en la tabla «personal» viola la llave foránea «personal_persona_id_fkey»
DETAIL:  La llave (persona_id)=(99999) no está presente en la tabla «persona».

2025-07-27 12:03:43 - ERROR - PersonalComponent.create_personal - Error insertando personal
2025-07-27 12:03:43 - ERROR - PersonalService.create_personal - Error: Error creando personal
2025-07-27 12:04:07 - ERROR - EspecialidadService.create_especialidad - Error: Ya existe una especialidad con ese nombre en el área terapeutico
2025-07-27 12:04:12 - ERROR - TutorService.create_tutor - Error: Esta persona ya está registrada como tutor
2025-07-27 12:04:19 - ERROR - TutorService.delete_tutor - Error: Tutor no encontrado
2025-07-27 12:55:08 - ERROR - SesionPedagogicaComponent.generar_cronograma - Error: Sesión pedagógica 1 no encontrada
2025-07-27 12:55:08 - ERROR - SesionPedagogicaComponent.create_sesion - Error: Error al generar cronograma: Sesión pedagógica 1 no encontrada
2025-07-27 12:55:08 - ERROR - SesionPedagogicaService.create_sesion - Error: Error al crear sesión pedagógica: Error al generar cronograma: Sesión pedagógica 1 no encontrada
2025-07-27 12:57:07 - ERROR - getRecords - Error: no existe la columna e.descripcion
LINE 7:                     e.descripcion as especialidad_descripcio...
                            ^

2025-07-27 12:57:33 - ERROR - getRecords - Error: no existe la columna e.descripcion
LINE 7:                     e.descripcion as especialidad_descripcio...
                            ^

2025-07-27 12:59:50 - ERROR - getRecords - Error: no existe la columna e.descripcion
LINE 7:                     e.descripcion as especialidad_descripcio...
                            ^

2025-07-27 13:00:16 - ERROR - getRecords - Error: no existe la columna e.descripcion
LINE 7:                     e.descripcion as especialidad_descripcio...
                            ^

2025-07-27 13:00:58 - ERROR - getRecords - Error: no existe la columna e.descripcion
LINE 7:                     e.descripcion as especialidad_descripcio...
                            ^

2025-07-27 13:01:24 - ERROR - getRecords - Error: no existe la columna e.descripcion
LINE 7:                     e.descripcion as especialidad_descripcio...
                            ^

2025-07-27 13:03:14 - ERROR - getRecords - Error: no existe la columna e.descripcion
LINE 7:                     e.descripcion as especialidad_descripcio...
                            ^

2025-07-27 13:03:40 - ERROR - getRecords - Error: no existe la columna e.descripcion
LINE 7:                     e.descripcion as especialidad_descripcio...
                            ^

2025-07-27 13:04:38 - ERROR - SesionPedagogicaService.get_sesion - Error: 'especialidad_descripcion'
2025-07-27 13:05:54 - ERROR - SesionPedagogicaComponent.update_sesion - Error: 'pedagogo_id'
2025-07-27 13:05:54 - ERROR - SesionPedagogicaService.update_sesion - Error: Error al actualizar sesión pedagógica: 'pedagogo_id'
