2025-07-28 14:54:12 - ERROR - ExecuteNonQuery - Error: llave duplicada viola restricción de unicidad «sesion_paciente_sesion_terapia_id_paciente_id_key»
DETAIL:  Ya existe la llave (sesion_terapia_id, paciente_id)=(6, 9).

2025-07-28 14:55:50 - ERROR - getRecords - Error: no existe la relación «tabla_inexistente»
LINE 1: SELECT * FROM tabla_inexistente
                      ^

2025-07-28 14:55:51 - ERROR - getRecordsWithStatus - Error: no existe la relación «tabla_inexistente»
LINE 1: SELECT * FROM tabla_inexistente
                      ^

2025-07-28 15:00:03 - ERROR - ExecuteNonQuery - Error: llave duplicada viola restricción de unicidad «sesion_paciente_sesion_terapia_id_paciente_id_key»
DETAIL:  Ya existe la llave (sesion_terapia_id, paciente_id)=(7, 9).

2025-07-28 15:17:55 - ERROR - getRecords - Error: no existe la relación «tabla_inexistente»
LINE 1: SELECT * FROM tabla_inexistente
                      ^

2025-07-28 15:17:55 - ERROR - getRecordsWithStatus - Error: no existe la relación «tabla_inexistente»
LINE 1: SELECT * FROM tabla_inexistente
                      ^

2025-07-28 15:34:52 - ERROR - PacienteService.change_estado_paciente - Error: Paciente ya está en estado activo
2025-07-28 15:43:17 - ERROR - auth_middleware.token_required - Error: type object 'SesionTerapiaService' has no attribute 'get_asistencias_por_sesion'
2025-07-28 15:43:17 - ERROR - auth_middleware.token_required - Error: type object 'SesionTerapiaService' has no attribute 'get_asistencias_por_sesion'
2025-07-28 15:43:35 - ERROR - auth_middleware.token_required - Error: type object 'SesionTerapiaService' has no attribute 'get_asistencias_por_sesion'
2025-07-28 15:43:35 - ERROR - auth_middleware.token_required - Error: type object 'SesionTerapiaService' has no attribute 'get_asistencias_por_sesion'
2025-07-28 15:50:00 - ERROR - auth_middleware.token_required - Error: type object 'SesionTerapiaService' has no attribute 'get_asistencias_por_sesion'
2025-07-28 15:50:00 - ERROR - auth_middleware.token_required - Error: type object 'SesionTerapiaService' has no attribute 'get_asistencias_por_sesion'
2025-07-28 15:52:26 - ERROR - auth_middleware.token_required - Error: type object 'SesionTerapiaService' has no attribute 'get_asistencias_por_sesion'
2025-07-28 15:52:26 - ERROR - auth_middleware.token_required - Error: type object 'SesionTerapiaService' has no attribute 'get_asistencias_por_sesion'
2025-07-28 15:52:49 - ERROR - auth_middleware.token_required - Error: type object 'SesionTerapiaService' has no attribute 'get_asistencias_por_sesion'
2025-07-28 15:52:49 - ERROR - auth_middleware.token_required - Error: type object 'SesionTerapiaService' has no attribute 'get_asistencias_por_sesion'
2025-07-28 15:53:02 - ERROR - auth_middleware.token_required - Error: type object 'SesionTerapiaService' has no attribute 'get_asistencias_por_sesion'
2025-07-28 15:53:02 - ERROR - auth_middleware.token_required - Error: type object 'SesionTerapiaService' has no attribute 'get_asistencias_por_sesion'
2025-07-28 15:54:23 - ERROR - auth_middleware.token_required - Error: type object 'SesionTerapiaService' has no attribute 'get_asistencias_por_sesion'
2025-07-28 15:54:23 - ERROR - auth_middleware.token_required - Error: type object 'SesionTerapiaService' has no attribute 'get_asistencias_por_sesion'
2025-07-28 15:59:19 - ERROR - auth_middleware.token_required - Error: type object 'SesionTerapiaService' has no attribute 'get_asistencias_por_sesion'
2025-07-28 15:59:19 - ERROR - auth_middleware.token_required - Error: type object 'SesionTerapiaService' has no attribute 'get_asistencias_por_sesion'
2025-07-28 16:00:37 - ERROR - auth_middleware.token_required - Error: type object 'SesionTerapiaService' has no attribute 'get_asistencias_por_sesion'
2025-07-28 16:00:37 - ERROR - auth_middleware.token_required - Error: type object 'SesionTerapiaService' has no attribute 'get_asistencias_por_sesion'
2025-07-28 16:01:18 - ERROR - auth_middleware.token_required - Error: type object 'SesionTerapiaService' has no attribute 'get_asistencias_por_sesion'
2025-07-28 16:01:18 - ERROR - auth_middleware.token_required - Error: type object 'SesionTerapiaService' has no attribute 'get_asistencias_por_sesion'
2025-07-28 16:01:24 - ERROR - auth_middleware.token_required - Error: type object 'SesionTerapiaService' has no attribute 'get_asistencias_por_sesion'
2025-07-28 16:01:24 - ERROR - auth_middleware.token_required - Error: type object 'SesionTerapiaService' has no attribute 'get_asistencias_por_sesion'
2025-07-28 16:02:09 - ERROR - auth_middleware.token_required - Error: type object 'SesionTerapiaService' has no attribute 'get_asistencias_por_sesion'
2025-07-28 16:02:10 - ERROR - auth_middleware.token_required - Error: type object 'SesionTerapiaService' has no attribute 'get_asistencias_por_sesion'
2025-07-28 16:02:12 - ERROR - auth_middleware.token_required - Error: type object 'SesionTerapiaService' has no attribute 'get_asistencias_por_sesion'
2025-07-28 16:02:12 - ERROR - auth_middleware.token_required - Error: type object 'SesionTerapiaService' has no attribute 'get_asistencias_por_sesion'
2025-07-28 16:02:18 - ERROR - auth_middleware.token_required - Error: type object 'SesionTerapiaService' has no attribute 'get_asistencias_por_sesion'
2025-07-28 16:02:18 - ERROR - auth_middleware.token_required - Error: type object 'SesionTerapiaService' has no attribute 'get_asistencias_por_sesion'
2025-07-28 16:02:23 - ERROR - auth_middleware.token_required - Error: type object 'SesionTerapiaService' has no attribute 'get_asistencias_por_sesion'
2025-07-28 16:02:23 - ERROR - auth_middleware.token_required - Error: type object 'SesionTerapiaService' has no attribute 'get_asistencias_por_sesion'
2025-07-28 16:02:27 - ERROR - auth_middleware.token_required - Error: type object 'SesionTerapiaService' has no attribute 'get_asistencias_por_sesion'
2025-07-28 16:02:27 - ERROR - auth_middleware.token_required - Error: type object 'SesionTerapiaService' has no attribute 'get_asistencias_por_sesion'
2025-07-28 16:02:31 - ERROR - auth_middleware.token_required - Error: type object 'SesionTerapiaService' has no attribute 'get_asistencias_por_sesion'
2025-07-28 16:02:31 - ERROR - auth_middleware.token_required - Error: type object 'SesionTerapiaService' has no attribute 'get_asistencias_por_sesion'
2025-07-28 16:02:39 - ERROR - auth_middleware.token_required - Error: type object 'SesionTerapiaService' has no attribute 'get_asistencias_por_sesion'
2025-07-28 16:02:39 - ERROR - auth_middleware.token_required - Error: type object 'SesionTerapiaService' has no attribute 'get_asistencias_por_sesion'
2025-07-28 16:02:46 - ERROR - auth_middleware.token_required - Error: type object 'SesionTerapiaService' has no attribute 'get_asistencias_por_sesion'
2025-07-28 16:02:47 - ERROR - auth_middleware.token_required - Error: type object 'SesionTerapiaService' has no attribute 'get_asistencias_por_sesion'
2025-07-28 16:03:08 - ERROR - auth_middleware.token_required - Error: type object 'SesionTerapiaService' has no attribute 'get_asistencias_por_sesion'
2025-07-28 16:03:10 - ERROR - auth_middleware.token_required - Error: type object 'SesionTerapiaService' has no attribute 'get_asistencias_por_sesion'
2025-07-28 16:03:20 - ERROR - auth_middleware.token_required - Error: type object 'SesionTerapiaService' has no attribute 'get_asistencias_por_sesion'
2025-07-28 16:03:20 - ERROR - auth_middleware.token_required - Error: type object 'SesionTerapiaService' has no attribute 'get_asistencias_por_sesion'
2025-07-28 16:03:39 - ERROR - auth_middleware.token_required - Error: type object 'SesionTerapiaService' has no attribute 'get_asistencias_por_sesion'
2025-07-28 16:03:39 - ERROR - auth_middleware.token_required - Error: type object 'SesionTerapiaService' has no attribute 'get_asistencias_por_sesion'
