2025-07-26 01:36:05 - ERROR - SesionTerapiaComponent.generar_cronograma - Error: type object 'DataBaseHandle' has no attribute 'updateRecords'
2025-07-26 01:36:05 - ERROR - Error generando cronograma: Error al generar cronograma: type object 'DataBaseHandle' has no attribute 'updateRecords'
2025-07-26 01:36:05 - ERROR - getRecords - Error: inserción o actualización en la tabla «sesion_paciente» viola la llave foránea «sesion_paciente_sesion_terapia_id_fkey»
DETAIL:  La llave (sesion_terapia_id)=(6) no está presente en la tabla «sesion_terapia».

2025-07-26 01:36:05 - ERROR - SesionTerapiaComponent.add_paciente_to_sesion - Error: No se pudo agregar el paciente a la sesión
2025-07-26 01:36:05 - ERROR - Error agregando paciente: Error al agregar paciente a la sesión: No se pudo agregar el paciente a la sesión
2025-07-26 01:36:10 - ERROR - SesionTerapiaComponent.generar_cronograma - Error: type object 'DataBaseHandle' has no attribute 'updateRecords'
2025-07-26 01:36:10 - ERROR - Error generando cronograma: Error al generar cronograma: type object 'DataBaseHandle' has no attribute 'updateRecords'
2025-07-26 01:36:10 - ERROR - getRecords - Error: inserción o actualización en la tabla «sesion_paciente» viola la llave foránea «sesion_paciente_sesion_terapia_id_fkey»
DETAIL:  La llave (sesion_terapia_id)=(7) no está presente en la tabla «sesion_terapia».

2025-07-26 01:36:10 - ERROR - SesionTerapiaComponent.add_paciente_to_sesion - Error: No se pudo agregar el paciente a la sesión
2025-07-26 01:36:10 - ERROR - Error agregando paciente: Error al agregar paciente a la sesión: No se pudo agregar el paciente a la sesión
2025-07-26 01:36:19 - ERROR - SesionTerapiaService.get_sesiones_by_terapeuta - Error: Object of type time is not JSON serializable
2025-07-26 01:36:27 - ERROR - SesionTerapiaService.get_sesiones_by_terapeuta - Error: Object of type time is not JSON serializable
2025-07-26 01:37:25 - ERROR - PersonalService.assign_especialidad - Error: Esta especialidad ya está asignada a este personal
2025-07-26 01:37:49 - ERROR - PersonalService.create_personal - Error: Esta persona ya está registrada como personal
2025-07-26 01:37:55 - ERROR - ExecuteInsert - Error: inserción o actualización en la tabla «personal» viola la llave foránea «personal_persona_id_fkey»
DETAIL:  La llave (persona_id)=(99999) no está presente en la tabla «persona».

2025-07-26 01:37:55 - ERROR - PersonalComponent.create_personal - Error insertando personal
2025-07-26 01:37:55 - ERROR - PersonalService.create_personal - Error: Error creando personal
2025-07-26 10:09:41 - ERROR - SesionTerapiaComponent.generar_cronograma - Error: type object 'DataBaseHandle' has no attribute 'updateRecords'
2025-07-26 10:09:41 - ERROR - Error generando cronograma: Error al generar cronograma: type object 'DataBaseHandle' has no attribute 'updateRecords'
2025-07-26 10:09:41 - ERROR - getRecords - Error: inserción o actualización en la tabla «sesion_paciente» viola la llave foránea «sesion_paciente_sesion_terapia_id_fkey»
DETAIL:  La llave (sesion_terapia_id)=(8) no está presente en la tabla «sesion_terapia».

2025-07-26 10:09:41 - ERROR - SesionTerapiaComponent.add_paciente_to_sesion - Error: No se pudo agregar el paciente a la sesión
2025-07-26 10:09:41 - ERROR - Error agregando paciente: Error al agregar paciente a la sesión: No se pudo agregar el paciente a la sesión
2025-07-26 10:09:46 - ERROR - SesionTerapiaComponent.generar_cronograma - Error: type object 'DataBaseHandle' has no attribute 'updateRecords'
2025-07-26 10:09:46 - ERROR - Error generando cronograma: Error al generar cronograma: type object 'DataBaseHandle' has no attribute 'updateRecords'
2025-07-26 10:09:46 - ERROR - getRecords - Error: inserción o actualización en la tabla «sesion_paciente» viola la llave foránea «sesion_paciente_sesion_terapia_id_fkey»
DETAIL:  La llave (sesion_terapia_id)=(9) no está presente en la tabla «sesion_terapia».

2025-07-26 10:09:46 - ERROR - SesionTerapiaComponent.add_paciente_to_sesion - Error: No se pudo agregar el paciente a la sesión
2025-07-26 10:09:46 - ERROR - Error agregando paciente: Error al agregar paciente a la sesión: No se pudo agregar el paciente a la sesión
2025-07-26 10:14:20 - ERROR - SesionTerapiaComponent.generar_cronograma - Error: type object 'DataBaseHandle' has no attribute 'updateRecords'
2025-07-26 10:14:20 - ERROR - Error generando cronograma: Error al generar cronograma: type object 'DataBaseHandle' has no attribute 'updateRecords'
2025-07-26 10:14:20 - ERROR - getRecords - Error: inserción o actualización en la tabla «sesion_paciente» viola la llave foránea «sesion_paciente_sesion_terapia_id_fkey»
DETAIL:  La llave (sesion_terapia_id)=(10) no está presente en la tabla «sesion_terapia».

2025-07-26 10:14:20 - ERROR - SesionTerapiaComponent.add_paciente_to_sesion - Error: No se pudo agregar el paciente a la sesión
2025-07-26 10:14:20 - ERROR - Error agregando paciente: Error al agregar paciente a la sesión: No se pudo agregar el paciente a la sesión
2025-07-26 10:14:25 - ERROR - SesionTerapiaComponent.generar_cronograma - Error: type object 'DataBaseHandle' has no attribute 'updateRecords'
2025-07-26 10:14:25 - ERROR - Error generando cronograma: Error al generar cronograma: type object 'DataBaseHandle' has no attribute 'updateRecords'
2025-07-26 10:14:25 - ERROR - getRecords - Error: inserción o actualización en la tabla «sesion_paciente» viola la llave foránea «sesion_paciente_sesion_terapia_id_fkey»
DETAIL:  La llave (sesion_terapia_id)=(11) no está presente en la tabla «sesion_terapia».

2025-07-26 10:14:25 - ERROR - SesionTerapiaComponent.add_paciente_to_sesion - Error: No se pudo agregar el paciente a la sesión
2025-07-26 10:14:25 - ERROR - Error agregando paciente: Error al agregar paciente a la sesión: No se pudo agregar el paciente a la sesión
2025-07-26 10:14:59 - ERROR - SesionTerapiaComponent.generar_cronograma - Error: type object 'DataBaseHandle' has no attribute 'updateRecords'
2025-07-26 10:14:59 - ERROR - Error generando cronograma: Error al generar cronograma: type object 'DataBaseHandle' has no attribute 'updateRecords'
2025-07-26 10:15:00 - ERROR - getRecords - Error: inserción o actualización en la tabla «sesion_paciente» viola la llave foránea «sesion_paciente_sesion_terapia_id_fkey»
DETAIL:  La llave (sesion_terapia_id)=(12) no está presente en la tabla «sesion_terapia».

2025-07-26 10:15:00 - ERROR - SesionTerapiaComponent.add_paciente_to_sesion - Error: No se pudo agregar el paciente a la sesión
2025-07-26 10:15:00 - ERROR - Error agregando paciente: Error al agregar paciente a la sesión: No se pudo agregar el paciente a la sesión
2025-07-26 10:15:05 - ERROR - SesionTerapiaComponent.generar_cronograma - Error: type object 'DataBaseHandle' has no attribute 'updateRecords'
2025-07-26 10:15:05 - ERROR - Error generando cronograma: Error al generar cronograma: type object 'DataBaseHandle' has no attribute 'updateRecords'
2025-07-26 10:15:05 - ERROR - getRecords - Error: inserción o actualización en la tabla «sesion_paciente» viola la llave foránea «sesion_paciente_sesion_terapia_id_fkey»
DETAIL:  La llave (sesion_terapia_id)=(13) no está presente en la tabla «sesion_terapia».

2025-07-26 10:15:05 - ERROR - SesionTerapiaComponent.add_paciente_to_sesion - Error: No se pudo agregar el paciente a la sesión
2025-07-26 10:15:05 - ERROR - Error agregando paciente: Error al agregar paciente a la sesión: No se pudo agregar el paciente a la sesión
2025-07-26 10:19:37 - ERROR - SesionTerapiaComponent.generar_cronograma - Error: type object 'DataBaseHandle' has no attribute 'updateRecords'
2025-07-26 10:19:37 - ERROR - Error generando cronograma: Error al generar cronograma: type object 'DataBaseHandle' has no attribute 'updateRecords'
2025-07-26 10:19:37 - ERROR - getRecords - Error: inserción o actualización en la tabla «sesion_paciente» viola la llave foránea «sesion_paciente_sesion_terapia_id_fkey»
DETAIL:  La llave (sesion_terapia_id)=(14) no está presente en la tabla «sesion_terapia».

2025-07-26 10:19:37 - ERROR - SesionTerapiaComponent.add_paciente_to_sesion - Error: No se pudo agregar el paciente a la sesión
2025-07-26 10:19:37 - ERROR - Error agregando paciente: Error al agregar paciente a la sesión: No se pudo agregar el paciente a la sesión
2025-07-26 10:19:42 - ERROR - SesionTerapiaComponent.generar_cronograma - Error: type object 'DataBaseHandle' has no attribute 'updateRecords'
2025-07-26 10:19:42 - ERROR - Error generando cronograma: Error al generar cronograma: type object 'DataBaseHandle' has no attribute 'updateRecords'
2025-07-26 10:19:42 - ERROR - getRecords - Error: inserción o actualización en la tabla «sesion_paciente» viola la llave foránea «sesion_paciente_sesion_terapia_id_fkey»
DETAIL:  La llave (sesion_terapia_id)=(15) no está presente en la tabla «sesion_terapia».

2025-07-26 10:19:42 - ERROR - SesionTerapiaComponent.add_paciente_to_sesion - Error: No se pudo agregar el paciente a la sesión
2025-07-26 10:19:42 - ERROR - Error agregando paciente: Error al agregar paciente a la sesión: No se pudo agregar el paciente a la sesión
2025-07-26 10:20:59 - ERROR - SesionTerapiaComponent.generar_cronograma - Error: type object 'DataBaseHandle' has no attribute 'updateRecords'
2025-07-26 10:20:59 - ERROR - Error generando cronograma: Error al generar cronograma: type object 'DataBaseHandle' has no attribute 'updateRecords'
2025-07-26 10:21:07 - ERROR - SesionTerapiaComponent.generar_cronograma - Error: type object 'DataBaseHandle' has no attribute 'updateRecords'
2025-07-26 10:21:07 - ERROR - Error generando cronograma: Error al generar cronograma: type object 'DataBaseHandle' has no attribute 'updateRecords'
2025-07-26 10:21:43 - ERROR - SesionTerapiaComponent.generar_cronograma - Error: type object 'DataBaseHandle' has no attribute 'updateRecords'
2025-07-26 10:21:43 - ERROR - Error generando cronograma: Error al generar cronograma: type object 'DataBaseHandle' has no attribute 'updateRecords'
2025-07-26 10:21:43 - ERROR - getRecords - Error: inserción o actualización en la tabla «sesion_paciente» viola la llave foránea «sesion_paciente_sesion_terapia_id_fkey»
DETAIL:  La llave (sesion_terapia_id)=(18) no está presente en la tabla «sesion_terapia».

2025-07-26 10:21:43 - ERROR - SesionTerapiaComponent.add_paciente_to_sesion - Error: No se pudo agregar el paciente a la sesión
2025-07-26 10:21:43 - ERROR - Error agregando paciente: Error al agregar paciente a la sesión: No se pudo agregar el paciente a la sesión
2025-07-26 10:21:51 - ERROR - SesionTerapiaComponent.generar_cronograma - Error: type object 'DataBaseHandle' has no attribute 'updateRecords'
2025-07-26 10:21:51 - ERROR - Error generando cronograma: Error al generar cronograma: type object 'DataBaseHandle' has no attribute 'updateRecords'
2025-07-26 10:21:51 - ERROR - getRecords - Error: inserción o actualización en la tabla «sesion_paciente» viola la llave foránea «sesion_paciente_sesion_terapia_id_fkey»
DETAIL:  La llave (sesion_terapia_id)=(19) no está presente en la tabla «sesion_terapia».

2025-07-26 10:21:51 - ERROR - SesionTerapiaComponent.add_paciente_to_sesion - Error: No se pudo agregar el paciente a la sesión
2025-07-26 10:21:51 - ERROR - Error agregando paciente: Error al agregar paciente a la sesión: No se pudo agregar el paciente a la sesión
2025-07-26 10:22:03 - ERROR - getRecords - Error: inserción o actualización en la tabla «sesion_paciente» viola la llave foránea «sesion_paciente_sesion_terapia_id_fkey»
DETAIL:  La llave (sesion_terapia_id)=(19) no está presente en la tabla «sesion_terapia».

2025-07-26 10:22:03 - ERROR - SesionTerapiaComponent.add_paciente_to_sesion - Error: No se pudo agregar el paciente a la sesión
2025-07-26 10:22:03 - ERROR - SesionTerapiaService.add_paciente_to_sesion - Error: Error al agregar paciente a la sesión: No se pudo agregar el paciente a la sesión
2025-07-26 10:22:12 - ERROR - SesionTerapiaComponent.delete_sesion - Error: type object 'DataBaseHandle' has no attribute 'updateRecords'
2025-07-26 10:22:12 - ERROR - SesionTerapiaService.delete_sesion - Error: Error al cancelar sesión: type object 'DataBaseHandle' has no attribute 'updateRecords'
2025-07-26 10:22:36 - ERROR - SesionTerapiaComponent.generar_cronograma - Error: type object 'DataBaseHandle' has no attribute 'updateRecords'
2025-07-26 10:22:36 - ERROR - Error generando cronograma: Error al generar cronograma: type object 'DataBaseHandle' has no attribute 'updateRecords'
2025-07-26 10:22:36 - ERROR - getRecords - Error: inserción o actualización en la tabla «sesion_paciente» viola la llave foránea «sesion_paciente_sesion_terapia_id_fkey»
DETAIL:  La llave (sesion_terapia_id)=(20) no está presente en la tabla «sesion_terapia».

2025-07-26 10:22:36 - ERROR - SesionTerapiaComponent.add_paciente_to_sesion - Error: No se pudo agregar el paciente a la sesión
2025-07-26 10:22:36 - ERROR - Error agregando paciente: Error al agregar paciente a la sesión: No se pudo agregar el paciente a la sesión
2025-07-26 10:22:44 - ERROR - SesionTerapiaComponent.generar_cronograma - Error: type object 'DataBaseHandle' has no attribute 'updateRecords'
2025-07-26 10:22:44 - ERROR - Error generando cronograma: Error al generar cronograma: type object 'DataBaseHandle' has no attribute 'updateRecords'
2025-07-26 10:22:44 - ERROR - getRecords - Error: inserción o actualización en la tabla «sesion_paciente» viola la llave foránea «sesion_paciente_sesion_terapia_id_fkey»
DETAIL:  La llave (sesion_terapia_id)=(21) no está presente en la tabla «sesion_terapia».

2025-07-26 10:22:44 - ERROR - SesionTerapiaComponent.add_paciente_to_sesion - Error: No se pudo agregar el paciente a la sesión
2025-07-26 10:22:44 - ERROR - Error agregando paciente: Error al agregar paciente a la sesión: No se pudo agregar el paciente a la sesión
2025-07-26 10:22:56 - ERROR - getRecords - Error: inserción o actualización en la tabla «sesion_paciente» viola la llave foránea «sesion_paciente_sesion_terapia_id_fkey»
DETAIL:  La llave (sesion_terapia_id)=(21) no está presente en la tabla «sesion_terapia».

2025-07-26 10:22:56 - ERROR - SesionTerapiaComponent.add_paciente_to_sesion - Error: No se pudo agregar el paciente a la sesión
2025-07-26 10:22:56 - ERROR - SesionTerapiaService.add_paciente_to_sesion - Error: Error al agregar paciente a la sesión: No se pudo agregar el paciente a la sesión
2025-07-26 10:23:05 - ERROR - SesionTerapiaComponent.delete_sesion - Error: type object 'DataBaseHandle' has no attribute 'updateRecords'
2025-07-26 10:23:05 - ERROR - SesionTerapiaService.delete_sesion - Error: Error al cancelar sesión: type object 'DataBaseHandle' has no attribute 'updateRecords'
2025-07-26 10:28:02 - ERROR - ExecuteInsert - Error: no results to fetch
2025-07-26 10:28:02 - ERROR - SesionTerapiaComponent.create_sesion - ExecuteInsert no retornó ID válido
2025-07-26 10:28:02 - ERROR - SesionTerapiaComponent.create_sesion - Error: No se pudo crear la sesión
2025-07-26 10:28:02 - ERROR - SesionTerapiaService.create_sesion - Error: Error al crear sesión: No se pudo crear la sesión
2025-07-26 10:28:08 - ERROR - ExecuteInsert - Error: no results to fetch
2025-07-26 10:28:08 - ERROR - SesionTerapiaComponent.create_sesion - ExecuteInsert no retornó ID válido
2025-07-26 10:28:08 - ERROR - SesionTerapiaComponent.create_sesion - Error: No se pudo crear la sesión
2025-07-26 10:28:08 - ERROR - SesionTerapiaService.create_sesion - Error: Error al crear sesión: No se pudo crear la sesión
2025-07-26 10:29:54 - ERROR - SesionTerapiaService.get_sesiones_by_terapeuta - Error: Object of type time is not JSON serializable
2025-07-26 10:30:01 - ERROR - SesionTerapiaService.get_sesiones_by_terapeuta - Error: Object of type time is not JSON serializable
2025-07-26 10:30:47 - ERROR - SesionTerapiaService.get_sesiones_by_terapeuta - Error: Object of type time is not JSON serializable
2025-07-26 10:30:54 - ERROR - SesionTerapiaService.get_sesiones_by_terapeuta - Error: Object of type time is not JSON serializable
2025-07-26 10:32:43 - ERROR - SesionTerapiaService.get_sesion - Error: Object of type time is not JSON serializable
2025-07-26 10:32:53 - ERROR - SesionTerapiaService.get_sesion - Error: Object of type time is not JSON serializable
2025-07-26 10:32:56 - ERROR - SesionTerapiaService.get_cronograma_sesion - Error: Object of type time is not JSON serializable
2025-07-26 10:32:59 - ERROR - SesionTerapiaService.get_cronograma_sesion - Error: Object of type time is not JSON serializable
