2025-07-29 12:38:05 - ERROR - auth_middleware.token_required - Error: type object 'SesionTerapiaService' has no attribute 'get_asistencias_por_sesion'
2025-07-29 12:38:05 - ERROR - auth_middleware.token_required - Error: type object 'SesionTerapiaService' has no attribute 'get_asistencias_por_sesion'
2025-07-29 12:41:15 - ERROR - auth_middleware.token_required - Error: type object 'SesionTerapiaService' has no attribute 'get_asistencias_por_sesion'
2025-07-29 12:41:15 - ERROR - auth_middleware.token_required - Error: type object 'SesionTerapiaService' has no attribute 'get_asistencias_por_sesion'
2025-07-29 12:41:21 - ERROR - auth_middleware.token_required - Error: type object 'SesionTerapiaService' has no attribute 'get_asistencias_por_sesion'
2025-07-29 12:41:21 - ERROR - auth_middleware.token_required - Error: type object 'SesionTerapiaService' has no attribute 'get_asistencias_por_sesion'
2025-07-29 12:41:47 - ERROR - auth_middleware.token_required - Error: type object 'SesionTerapiaService' has no attribute 'get_asistencias_por_sesion'
2025-07-29 12:41:47 - ERROR - auth_middleware.token_required - Error: type object 'SesionTerapiaService' has no attribute 'get_asistencias_por_sesion'
2025-07-29 12:41:50 - ERROR - auth_middleware.token_required - Error: type object 'SesionTerapiaService' has no attribute 'get_asistencias_por_sesion'
2025-07-29 12:41:50 - ERROR - auth_middleware.token_required - Error: type object 'SesionTerapiaService' has no attribute 'get_asistencias_por_sesion'
2025-07-29 12:41:55 - ERROR - auth_middleware.token_required - Error: type object 'SesionTerapiaService' has no attribute 'get_asistencias_por_sesion'
2025-07-29 12:41:55 - ERROR - auth_middleware.token_required - Error: type object 'SesionTerapiaService' has no attribute 'get_asistencias_por_sesion'
2025-07-29 12:42:26 - ERROR - auth_middleware.token_required - Error: type object 'SesionTerapiaService' has no attribute 'get_asistencias_por_sesion'
2025-07-29 12:42:26 - ERROR - auth_middleware.token_required - Error: type object 'SesionTerapiaService' has no attribute 'get_asistencias_por_sesion'
2025-07-29 12:42:53 - ERROR - auth_middleware.token_required - Error: type object 'SesionTerapiaService' has no attribute 'get_asistencias_por_sesion'
2025-07-29 12:42:53 - ERROR - auth_middleware.token_required - Error: type object 'SesionTerapiaService' has no attribute 'get_asistencias_por_sesion'
2025-07-29 12:43:14 - ERROR - auth_middleware.token_required - Error: type object 'SesionTerapiaService' has no attribute 'get_asistencias_por_sesion'
2025-07-29 12:43:14 - ERROR - auth_middleware.token_required - Error: type object 'SesionTerapiaService' has no attribute 'get_asistencias_por_sesion'
2025-07-29 12:50:35 - ERROR - SesionTerapiaService.get_asistencias_por_sesion - Error: Object of type time is not JSON serializable
2025-07-29 12:50:35 - ERROR - SesionTerapiaService.get_asistencias_por_sesion - Error: Object of type time is not JSON serializable
2025-07-29 12:51:27 - ERROR - SesionTerapiaService.get_asistencias_por_sesion - Error: Object of type time is not JSON serializable
2025-07-29 12:51:28 - ERROR - SesionTerapiaService.get_asistencias_por_sesion - Error: Object of type time is not JSON serializable
2025-07-29 12:55:24 - ERROR - SesionTerapiaService.get_asistencias_por_sesion - Error: Object of type time is not JSON serializable
2025-07-29 12:55:25 - ERROR - SesionTerapiaService.get_asistencias_por_sesion - Error: Object of type time is not JSON serializable
2025-07-29 14:52:14 - ERROR - SesionTerapiaService.get_asistencias_por_sesion - Error: Object of type time is not JSON serializable
2025-07-29 14:52:14 - ERROR - SesionTerapiaService.get_asistencias_por_sesion - Error: Object of type time is not JSON serializable
2025-07-29 14:53:06 - ERROR - SesionTerapiaService.get_asistencias_por_sesion - Error: Object of type time is not JSON serializable
2025-07-29 14:53:07 - ERROR - SesionTerapiaService.get_asistencias_por_sesion - Error: Object of type time is not JSON serializable
2025-07-29 15:22:22 - ERROR - ExecuteNonQuery - Error: el nuevo registro para la relación «sesion_terapia» viola la restricción «check» «sesion_terapia_estado_check»
DETAIL:  La fila que falla contiene (9, ST-2025-009, Una casa, 3, 5, 2025-07-30, 2025-10-30, domingo, 09:00:00, 60, 12, 100.00, 8.33, null, activa, null, 2025-07-29 15:22:22.598574, 2025-07-29 15:22:22.598574, 1, null).

2025-07-29 15:22:22 - ERROR - SesionTerapiaComponent.create_sesion - ExecuteNonQuery falló
2025-07-29 15:22:22 - ERROR - SesionTerapiaComponent.create_sesion - Error: No se pudo crear la sesión
2025-07-29 15:22:22 - ERROR - SesionTerapiaService.create_sesion - Error: Error al crear sesión: No se pudo crear la sesión
2025-07-29 15:22:30 - ERROR - ExecuteNonQuery - Error: el nuevo registro para la relación «sesion_terapia» viola la restricción «check» «sesion_terapia_estado_check»
DETAIL:  La fila que falla contiene (10, ST-2025-009, Una casa, 3, 5, 2025-07-30, 2025-10-30, sabado, 09:00:00, 60, 12, 100.00, 8.33, null, activa, null, 2025-07-29 15:22:30.420324, 2025-07-29 15:22:30.420324, 1, null).

2025-07-29 15:22:30 - ERROR - SesionTerapiaComponent.create_sesion - ExecuteNonQuery falló
2025-07-29 15:22:30 - ERROR - SesionTerapiaComponent.create_sesion - Error: No se pudo crear la sesión
2025-07-29 15:22:30 - ERROR - SesionTerapiaService.create_sesion - Error: Error al crear sesión: No se pudo crear la sesión
2025-07-29 15:22:43 - ERROR - ExecuteNonQuery - Error: el nuevo registro para la relación «sesion_terapia» viola la restricción «check» «sesion_terapia_estado_check»
DETAIL:  La fila que falla contiene (11, ST-2025-009, Una casa, 3, 5, 2025-07-31, 2025-10-30, sabado,miercoles, 09:00:00, 60, 12, 100.00, 8.33, null, activa, null, 2025-07-29 15:22:43.072442, 2025-07-29 15:22:43.072442, 1, null).

2025-07-29 15:22:43 - ERROR - SesionTerapiaComponent.create_sesion - ExecuteNonQuery falló
2025-07-29 15:22:43 - ERROR - SesionTerapiaComponent.create_sesion - Error: No se pudo crear la sesión
2025-07-29 15:22:43 - ERROR - SesionTerapiaService.create_sesion - Error: Error al crear sesión: No se pudo crear la sesión
2025-07-29 15:22:52 - ERROR - ExecuteNonQuery - Error: el nuevo registro para la relación «sesion_terapia» viola la restricción «check» «sesion_terapia_estado_check»
DETAIL:  La fila que falla contiene (12, ST-2025-009, Una casa, 3, 5, 2025-07-31, 2025-10-30, lunes,jueves, 09:00:00, 60, 12, 100.00, 8.33, null, activa, null, 2025-07-29 15:22:52.169283, 2025-07-29 15:22:52.169283, 1, null).

2025-07-29 15:22:52 - ERROR - SesionTerapiaComponent.create_sesion - ExecuteNonQuery falló
2025-07-29 15:22:52 - ERROR - SesionTerapiaComponent.create_sesion - Error: No se pudo crear la sesión
2025-07-29 15:22:52 - ERROR - SesionTerapiaService.create_sesion - Error: Error al crear sesión: No se pudo crear la sesión
2025-07-29 15:23:41 - ERROR - ExecuteNonQuery - Error: el nuevo registro para la relación «sesion_terapia» viola la restricción «check» «sesion_terapia_estado_check»
DETAIL:  La fila que falla contiene (13, ST-2025-009, Sesión de Prueba 1753820619, 1, 36, 2025-07-30, 2025-08-28, lunes,miercoles,viernes, 09:00:00, 45, 12, 240000.00, 20000.00, 1, activa, Sesión de prueba para testing automatizado, 2025-07-29 15:23:41.667033, 2025-07-29 15:23:41.667033, 1, null).

2025-07-29 15:23:41 - ERROR - SesionTerapiaComponent.create_sesion - ExecuteNonQuery falló
2025-07-29 15:23:41 - ERROR - SesionTerapiaComponent.create_sesion - Error: No se pudo crear la sesión
2025-07-29 15:23:41 - ERROR - SesionTerapiaService.create_sesion - Error: Error al crear sesión: No se pudo crear la sesión
2025-07-29 15:23:47 - ERROR - ExecuteNonQuery - Error: el nuevo registro para la relación «sesion_terapia» viola la restricción «check» «sesion_terapia_estado_check»
DETAIL:  La fila que falla contiene (14, ST-2025-009, Sesión de Prueba 1753820625, 1, 36, 2025-07-30, 2025-08-28, lunes,miercoles,viernes, 09:00:00, 45, 12, 240000.00, 20000.00, 1, activa, Sesión de prueba para testing automatizado, 2025-07-29 15:23:47.356721, 2025-07-29 15:23:47.356721, 1, null).

2025-07-29 15:23:47 - ERROR - SesionTerapiaComponent.create_sesion - ExecuteNonQuery falló
2025-07-29 15:23:47 - ERROR - SesionTerapiaComponent.create_sesion - Error: No se pudo crear la sesión
2025-07-29 15:23:47 - ERROR - SesionTerapiaService.create_sesion - Error: Error al crear sesión: No se pudo crear la sesión
2025-07-29 19:04:50 - ERROR - ExecuteNonQuery - Error: no existe la columna «duracion_minutos» en la relación «cronograma_sesiones»
LINE 3: ...numero_sesion, fecha_programada, hora_programada, duracion_m...
                                                             ^

2025-07-29 19:04:50 - ERROR - ExecuteNonQuery - Error: no existe la columna «duracion_minutos» en la relación «cronograma_sesiones»
LINE 3: ...numero_sesion, fecha_programada, hora_programada, duracion_m...
                                                             ^

2025-07-29 19:04:50 - ERROR - ExecuteNonQuery - Error: no existe la columna «duracion_minutos» en la relación «cronograma_sesiones»
LINE 3: ...numero_sesion, fecha_programada, hora_programada, duracion_m...
                                                             ^

2025-07-29 19:04:51 - ERROR - ExecuteNonQuery - Error: no existe la columna «duracion_minutos» en la relación «cronograma_sesiones»
LINE 3: ...numero_sesion, fecha_programada, hora_programada, duracion_m...
                                                             ^

2025-07-29 19:04:51 - ERROR - ExecuteNonQuery - Error: no existe la columna «duracion_minutos» en la relación «cronograma_sesiones»
LINE 3: ...numero_sesion, fecha_programada, hora_programada, duracion_m...
                                                             ^

2025-07-29 19:04:51 - ERROR - ExecuteNonQuery - Error: no existe la columna «duracion_minutos» en la relación «cronograma_sesiones»
LINE 3: ...numero_sesion, fecha_programada, hora_programada, duracion_m...
                                                             ^

2025-07-29 19:04:51 - ERROR - ExecuteNonQuery - Error: no existe la columna «duracion_minutos» en la relación «cronograma_sesiones»
LINE 3: ...numero_sesion, fecha_programada, hora_programada, duracion_m...
                                                             ^

2025-07-29 19:04:51 - ERROR - ExecuteNonQuery - Error: no existe la columna «duracion_minutos» en la relación «cronograma_sesiones»
LINE 3: ...numero_sesion, fecha_programada, hora_programada, duracion_m...
                                                             ^

2025-07-29 19:04:51 - ERROR - ExecuteNonQuery - Error: no existe la columna «duracion_minutos» en la relación «cronograma_sesiones»
LINE 3: ...numero_sesion, fecha_programada, hora_programada, duracion_m...
                                                             ^

2025-07-29 19:05:01 - ERROR - ExecuteNonQuery - Error: llave duplicada viola restricción de unicidad «sesion_paciente_sesion_terapia_id_paciente_id_key»
DETAIL:  Ya existe la llave (sesion_terapia_id, paciente_id)=(15, 9).

