2025-07-25 00:06:16 - ERROR - TutorService.create_tutor - Error: Esta persona ya está registrada como tutor
2025-07-25 00:06:23 - ERROR - TutorService.delete_tutor - Error: Tutor no encontrado
2025-07-25 17:35:59 - ERROR - auth_middleware.token_required - Error: expected an indented block after 'if' statement on line 323 (SesionTerapiaService.py, line 324)
2025-07-25 17:36:01 - ERROR - auth_middleware.token_required - Error: expected an indented block after 'if' statement on line 323 (SesionTerapiaService.py, line 324)
2025-07-25 17:36:03 - ERROR - auth_middleware.token_required - Error: expected an indented block after 'if' statement on line 323 (SesionTerapiaService.py, line 324)
2025-07-25 17:36:05 - ERROR - auth_middleware.token_required - Error: expected an indented block after 'if' statement on line 323 (SesionTerapiaService.py, line 324)
2025-07-25 17:36:08 - ERROR - auth_middleware.token_required - Error: expected an indented block after 'if' statement on line 323 (SesionTerapiaService.py, line 324)
2025-07-25 17:36:12 - ERROR - auth_middleware.token_required - Error: expected an indented block after 'if' statement on line 323 (SesionTerapiaService.py, line 324)
2025-07-25 17:42:16 - ERROR - SesionTerapiaService.get_estadisticas - Error: float() argument must be a string or a real number, not 'NoneType'
2025-07-25 17:42:29 - ERROR - getRecords - Error: el argumento de CASE/WHEN debe ser de tipo boolean, no tipo text
LINE 3:             WHEN codigo_sesion ~ '^ST-' || v_year || '-[0-9]...
                         ^
QUERY:  SELECT COALESCE(MAX(
        CASE 
            WHEN codigo_sesion ~ '^ST-' || v_year || '-[0-9]+$' 
            THEN CAST(substring(codigo_sesion from length('ST-' || v_year || '-') + 1) AS INTEGER)
            ELSE 0
        END
    ), 0) + 1
                           FROM sesion_terapia
CONTEXT:  función PL/pgSQL generar_codigo_sesion() en la línea 10 en sentencia SQL
función PL/pgSQL trigger_generar_codigo_sesion() en la línea 4 en asignación

2025-07-25 17:42:29 - ERROR - SesionTerapiaComponent.create_sesion - Error: No se pudo crear la sesión
2025-07-25 17:42:29 - ERROR - SesionTerapiaService.create_sesion - Error: Error al crear sesión: No se pudo crear la sesión
2025-07-25 17:44:23 - ERROR - SesionTerapiaService.get_estadisticas - Error: float() argument must be a string or a real number, not 'NoneType'
2025-07-25 17:44:36 - ERROR - getRecords - Error: el argumento de CASE/WHEN debe ser de tipo boolean, no tipo text
LINE 3:             WHEN codigo_sesion ~ '^ST-' || v_year || '-[0-9]...
                         ^
QUERY:  SELECT COALESCE(MAX(
        CASE 
            WHEN codigo_sesion ~ '^ST-' || v_year || '-[0-9]+$' 
            THEN CAST(substring(codigo_sesion from length('ST-' || v_year || '-') + 1) AS INTEGER)
            ELSE 0
        END
    ), 0) + 1
                           FROM sesion_terapia
CONTEXT:  función PL/pgSQL generar_codigo_sesion() en la línea 10 en sentencia SQL
función PL/pgSQL trigger_generar_codigo_sesion() en la línea 4 en asignación

2025-07-25 17:44:36 - ERROR - SesionTerapiaComponent.create_sesion - Error: No se pudo crear la sesión
2025-07-25 17:44:36 - ERROR - SesionTerapiaService.create_sesion - Error: Error al crear sesión: No se pudo crear la sesión
2025-07-25 17:45:47 - ERROR - SesionTerapiaService.get_estadisticas - Error: float() argument must be a string or a real number, not 'NoneType'
2025-07-25 17:45:50 - ERROR - SesionTerapiaService.get_estadisticas - Error: float() argument must be a string or a real number, not 'NoneType'
2025-07-25 17:48:33 - ERROR - SesionTerapiaService.get_estadisticas - Error: float() argument must be a string or a real number, not 'NoneType'
2025-07-25 17:48:47 - ERROR - getRecords - Error: el argumento de CASE/WHEN debe ser de tipo boolean, no tipo text
LINE 3:             WHEN codigo_sesion ~ '^ST-' || v_year || '-[0-9]...
                         ^
QUERY:  SELECT COALESCE(MAX(
        CASE 
            WHEN codigo_sesion ~ '^ST-' || v_year || '-[0-9]+$' 
            THEN CAST(substring(codigo_sesion from length('ST-' || v_year || '-') + 1) AS INTEGER)
            ELSE 0
        END
    ), 0) + 1
                           FROM sesion_terapia
CONTEXT:  función PL/pgSQL generar_codigo_sesion() en la línea 10 en sentencia SQL
función PL/pgSQL trigger_generar_codigo_sesion() en la línea 4 en asignación

2025-07-25 17:48:47 - ERROR - SesionTerapiaComponent.create_sesion - Error: No se pudo crear la sesión
2025-07-25 17:48:47 - ERROR - SesionTerapiaService.create_sesion - Error: Error al crear sesión: No se pudo crear la sesión
2025-07-25 17:52:27 - ERROR - SesionTerapiaService.get_estadisticas - Error: float() argument must be a string or a real number, not 'NoneType'
2025-07-25 17:53:50 - ERROR - SesionTerapiaService.get_estadisticas - Error: float() argument must be a string or a real number, not 'NoneType'
2025-07-25 17:53:53 - ERROR - SesionTerapiaService.get_estadisticas - Error: float() argument must be a string or a real number, not 'NoneType'
2025-07-25 18:11:04 - ERROR - getRecords - Error: el valor es demasiado largo para el tipo character varying(20)

2025-07-25 18:11:04 - ERROR - SesionTerapiaComponent.create_sesion - Error: No se pudo crear la sesión
2025-07-25 18:11:04 - ERROR - SesionTerapiaService.create_sesion - Error: Error al crear sesión: No se pudo crear la sesión
2025-07-25 18:11:10 - ERROR - getRecords - Error: el valor es demasiado largo para el tipo character varying(20)

2025-07-25 18:11:10 - ERROR - SesionTerapiaComponent.create_sesion - Error: No se pudo crear la sesión
2025-07-25 18:11:10 - ERROR - SesionTerapiaService.create_sesion - Error: Error al crear sesión: No se pudo crear la sesión
2025-07-25 18:39:21 - ERROR - getRecords - Error: el valor es demasiado largo para el tipo character varying(20)

2025-07-25 18:39:21 - ERROR - SesionTerapiaComponent.create_sesion - Error: No se pudo crear la sesión
2025-07-25 18:39:21 - ERROR - SesionTerapiaService.create_sesion - Error: Error al crear sesión: No se pudo crear la sesión
2025-07-25 18:39:26 - ERROR - getRecords - Error: el valor es demasiado largo para el tipo character varying(20)

2025-07-25 18:39:26 - ERROR - SesionTerapiaComponent.create_sesion - Error: No se pudo crear la sesión
2025-07-25 18:39:26 - ERROR - SesionTerapiaService.create_sesion - Error: Error al crear sesión: No se pudo crear la sesión
