2025-07-25 00:05:32 - INFO - app - Iniciando Sistema Tía Glenda Backend
2025-07-25 00:05:32 - INFO - app - Iniciando Sistema Tía Glenda Backend
2025-07-25 00:05:49 - INFO - LoginService.login - Intento de autenticacion
2025-07-25 00:05:49 - INFO - LoginComponent.get_user_for_login - Busqueda para usuario: admin
2025-07-25 00:05:49 - INFO - LoginComponent.update_last_access - Actualizado para usuario ID: 1
2025-07-25 00:05:49 - INFO - LoginService.login - Autenticacion exitosa: admin
2025-07-25 00:05:51 - INFO - LoginComponent.get_user_by_id - Consulta para usuario ID: 1
2025-07-25 00:05:51 - INFO - PersonaService.create_persona - Iniciando
2025-07-25 00:05:52 - INFO - PersonaComponent.get_persona_by_id - Persona 27 encontrada
2025-07-25 00:05:52 - INFO - PersonaComponent.create_persona - Persona creada con ID: 27
2025-07-25 00:05:52 - INFO - PersonaService.create_persona - Persona creada exitosamente
2025-07-25 00:05:54 - INFO - LoginComponent.get_user_by_id - Consulta para usuario ID: 1
2025-07-25 00:05:54 - INFO - TutorService.get_tutores - Iniciando
2025-07-25 00:05:54 - INFO - TutorComponent.get_all_tutores - 9 tutores encontrados
2025-07-25 00:05:54 - INFO - TutorService.get_tutores - Tutores obtenidos exitosamente
2025-07-25 00:05:56 - INFO - LoginComponent.get_user_by_id - Consulta para usuario ID: 1
2025-07-25 00:05:56 - INFO - TutorService.create_tutor - Iniciando
2025-07-25 00:05:56 - INFO - TutorComponent.get_tutor_by_id - Tutor 10 encontrado
2025-07-25 00:05:56 - INFO - TutorComponent.create_tutor - Tutor creado con ID: 10
2025-07-25 00:05:56 - INFO - TutorService.create_tutor - Tutor creado exitosamente
2025-07-25 00:05:58 - INFO - LoginComponent.get_user_by_id - Consulta para usuario ID: 1
2025-07-25 00:05:58 - INFO - TutorService.get_tutor_by_id - ID: 10
2025-07-25 00:05:58 - INFO - TutorComponent.get_tutor_by_id - Tutor 10 encontrado
2025-07-25 00:05:58 - INFO - TutorService.get_tutor_by_id - Tutor 10 encontrado
2025-07-25 00:06:01 - INFO - LoginComponent.get_user_by_id - Consulta para usuario ID: 1
2025-07-25 00:06:01 - INFO - TutorService.update_tutor - ID: 10
2025-07-25 00:06:01 - INFO - TutorComponent.get_tutor_by_id - Tutor 10 encontrado
2025-07-25 00:06:01 - INFO - TutorComponent.update_tutor - Tutor 10 actualizado
2025-07-25 00:06:01 - INFO - TutorService.update_tutor - Tutor 10 actualizado
2025-07-25 00:06:03 - INFO - LoginComponent.get_user_by_id - Consulta para usuario ID: 1
2025-07-25 00:06:03 - INFO - TutorService.get_tutores_activos - Iniciando
2025-07-25 00:06:03 - INFO - TutorComponent.get_tutores_activos - 10 tutores activos encontrados
2025-07-25 00:06:03 - INFO - TutorService.get_tutores_activos - Tutores activos obtenidos
2025-07-25 00:06:05 - INFO - LoginComponent.get_user_by_id - Consulta para usuario ID: 1
2025-07-25 00:06:05 - INFO - TutorService.get_estadisticas - Iniciando
2025-07-25 00:06:05 - INFO - TutorComponent.get_estadisticas_tutores - Estadísticas obtenidas
2025-07-25 00:06:05 - INFO - TutorService.get_estadisticas - Estadísticas obtenidas
2025-07-25 00:06:07 - INFO - LoginComponent.get_user_by_id - Consulta para usuario ID: 1
2025-07-25 00:06:07 - INFO - TutorService.get_personas_disponibles - Iniciando
2025-07-25 00:06:07 - INFO - TutorComponent.get_personas_disponibles_para_tutor - 17 personas disponibles
2025-07-25 00:06:07 - INFO - TutorService.get_personas_disponibles - Personas disponibles obtenidas
2025-07-25 00:06:10 - INFO - LoginComponent.get_user_by_id - Consulta para usuario ID: 1
2025-07-25 00:06:10 - INFO - TutorService.create_tutor - Iniciando
2025-07-25 00:06:12 - INFO - LoginComponent.get_user_by_id - Consulta para usuario ID: 1
2025-07-25 00:06:12 - INFO - TutorService.create_tutor - Iniciando
2025-07-25 00:06:14 - INFO - LoginComponent.get_user_by_id - Consulta para usuario ID: 1
2025-07-25 00:06:14 - INFO - TutorService.create_tutor - Iniciando
2025-07-25 00:06:16 - INFO - LoginComponent.get_user_by_id - Consulta para usuario ID: 1
2025-07-25 00:06:16 - INFO - TutorService.create_tutor - Iniciando
2025-07-25 00:06:18 - INFO - LoginComponent.get_user_by_id - Consulta para usuario ID: 1
2025-07-25 00:06:18 - INFO - TutorService.create_tutor - Iniciando
2025-07-25 00:06:21 - INFO - LoginComponent.get_user_by_id - Consulta para usuario ID: 1
2025-07-25 00:06:21 - INFO - TutorService.delete_tutor - ID: 10
2025-07-25 00:06:21 - INFO - TutorComponent.deactivate_tutor - Tutor 10 desactivado
2025-07-25 00:06:21 - INFO - TutorService.delete_tutor - Tutor 10 desactivado
2025-07-25 00:06:23 - INFO - LoginComponent.get_user_by_id - Consulta para usuario ID: 1
2025-07-25 00:06:23 - INFO - TutorService.delete_tutor - ID: 99999
2025-07-25 00:06:43 - INFO - LoginService.login - Intento de autenticacion
2025-07-25 00:06:43 - INFO - LoginComponent.get_user_for_login - Busqueda para usuario: admin
2025-07-25 00:06:43 - INFO - LoginComponent.update_last_access - Actualizado para usuario ID: 1
2025-07-25 00:06:43 - INFO - LoginService.login - Autenticacion exitosa: admin
2025-07-25 00:06:45 - INFO - LoginService.login - Intento de autenticacion
2025-07-25 00:06:45 - INFO - LoginComponent.get_user_for_login - Busqueda para usuario: usuario_inexistente
2025-07-25 00:06:45 - INFO - LoginService.login - Usuario no encontrado: usuario_inexistente
2025-07-25 00:06:47 - INFO - LoginService.login - Intento de autenticacion
2025-07-25 00:06:47 - INFO - LoginComponent.get_user_for_login - Busqueda para usuario: admin
2025-07-25 00:06:47 - INFO - LoginService.login - Contrasena incorrecta para: admin
2025-07-25 00:06:49 - INFO - LoginService.login - Intento de autenticacion
2025-07-25 00:06:51 - INFO - LoginService.login - Intento de autenticacion
2025-07-25 00:06:54 - INFO - LoginService.login - Intento de autenticacion
2025-07-25 00:06:56 - INFO - LoginService.login - Intento de autenticacion
2025-07-25 00:06:58 - INFO - LoginService.login - Intento de autenticacion
2025-07-25 00:07:00 - INFO - LoginService.login - Intento de autenticacion
2025-07-25 00:07:02 - INFO - LoginComponent.get_user_by_id - Consulta para usuario ID: 1
2025-07-25 00:07:02 - INFO - LoginService.verify_token - Token verificado correctamente
2025-07-25 00:07:10 - INFO - LoginComponent.get_user_by_id - Consulta para usuario ID: 1
2025-07-25 00:07:10 - INFO - Información solicitada para usuario: admin
2025-07-25 00:07:13 - INFO - LoginComponent.get_user_by_id - Consulta para usuario ID: 1
2025-07-25 00:07:13 - INFO - Logout solicitado
2025-07-25 00:07:15 - INFO - LoginService.login - Intento de autenticacion
2025-07-25 00:07:15 - INFO - LoginComponent.get_user_for_login - Busqueda para usuario: admin
2025-07-25 00:07:15 - INFO - LoginComponent.update_last_access - Actualizado para usuario ID: 1
2025-07-25 00:07:15 - INFO - LoginService.login - Autenticacion exitosa: admin
2025-07-25 00:07:17 - INFO - LoginComponent.get_user_by_id - Consulta para usuario ID: 1
2025-07-25 00:07:17 - INFO - LoginService.verify_token - Token verificado correctamente
2025-07-25 00:07:19 - INFO - LoginComponent.get_user_by_id - Consulta para usuario ID: 1
2025-07-25 00:07:19 - INFO - Información solicitada para usuario: admin
2025-07-25 00:07:22 - INFO - LoginComponent.get_user_by_id - Consulta para usuario ID: 1
2025-07-25 00:07:22 - INFO - RolService.get_roles - Iniciando
2025-07-25 00:07:22 - INFO - RolService.get_roles - 4 roles encontrados
2025-07-25 00:07:24 - INFO - LoginComponent.get_user_by_id - Consulta para usuario ID: 1
2025-07-25 00:07:24 - INFO - Logout solicitado
2025-07-25 00:07:26 - INFO - LoginService.login - Intento de autenticacion
2025-07-25 00:07:26 - INFO - LoginComponent.get_user_for_login - Busqueda para usuario: usuario_inexistente
2025-07-25 00:07:26 - INFO - LoginService.login - Usuario no encontrado: usuario_inexistente
2025-07-25 00:07:28 - INFO - LoginService.login - Intento de autenticacion
2025-07-25 00:07:28 - INFO - LoginService.login - Intento de autenticacion
2025-07-25 00:07:28 - INFO - LoginService.login - Intento de autenticacion
2025-07-25 00:07:28 - INFO - LoginService.login - Intento de autenticacion
2025-07-25 00:07:28 - INFO - LoginService.login - Intento de autenticacion
2025-07-25 00:07:28 - INFO - LoginComponent.get_user_for_login - Busqueda para usuario: admin
2025-07-25 00:07:28 - INFO - LoginComponent.get_user_for_login - Busqueda para usuario: admin
2025-07-25 00:07:28 - INFO - LoginComponent.get_user_for_login - Busqueda para usuario: admin
2025-07-25 00:07:28 - INFO - LoginComponent.get_user_for_login - Busqueda para usuario: admin
2025-07-25 00:07:28 - INFO - LoginComponent.get_user_for_login - Busqueda para usuario: admin
2025-07-25 00:07:28 - INFO - LoginComponent.update_last_access - Actualizado para usuario ID: 1
2025-07-25 00:07:28 - INFO - LoginService.login - Autenticacion exitosa: admin
2025-07-25 00:07:28 - INFO - LoginComponent.update_last_access - Actualizado para usuario ID: 1
2025-07-25 00:07:28 - INFO - LoginService.login - Autenticacion exitosa: admin
2025-07-25 00:07:28 - INFO - LoginComponent.update_last_access - Actualizado para usuario ID: 1
2025-07-25 00:07:28 - INFO - LoginService.login - Autenticacion exitosa: admin
2025-07-25 00:07:28 - INFO - LoginComponent.update_last_access - Actualizado para usuario ID: 1
2025-07-25 00:07:28 - INFO - LoginService.login - Autenticacion exitosa: admin
2025-07-25 00:07:28 - INFO - LoginComponent.update_last_access - Actualizado para usuario ID: 1
2025-07-25 00:07:28 - INFO - LoginService.login - Autenticacion exitosa: admin
2025-07-25 00:08:08 - INFO - LoginService.login - Intento de autenticacion
2025-07-25 00:08:08 - INFO - LoginComponent.get_user_for_login - Busqueda para usuario: admin
2025-07-25 00:08:08 - INFO - LoginComponent.update_last_access - Actualizado para usuario ID: 1
2025-07-25 00:08:08 - INFO - LoginService.login - Autenticacion exitosa: admin
2025-07-25 00:08:11 - INFO - LoginComponent.get_user_by_id - Consulta para usuario ID: 1
2025-07-25 00:08:11 - INFO - RolService.get_roles - Iniciando
2025-07-25 00:08:11 - INFO - RolService.get_roles - 4 roles encontrados
2025-07-25 00:08:17 - INFO - LoginComponent.get_user_by_id - Consulta para usuario ID: 1
2025-07-25 00:08:17 - INFO - UsuarioService.get_usuarios - Iniciando
2025-07-25 00:08:17 - INFO - UsuarioComponent.get_all_usuarios - 8 usuarios encontrados
2025-07-25 00:08:17 - INFO - UsuarioService.get_usuarios - Usuarios obtenidos exitosamente
2025-07-25 00:08:20 - INFO - LoginComponent.get_user_by_id - Consulta para usuario ID: 1
2025-07-25 00:08:20 - INFO - RolService.get_roles - Iniciando
2025-07-25 00:08:20 - INFO - RolService.get_roles - 4 roles encontrados
2025-07-25 00:08:22 - INFO - LoginComponent.get_user_by_id - Consulta para usuario ID: 1
2025-07-25 00:08:22 - INFO - RolService.get_roles - Iniciando
2025-07-25 00:08:22 - INFO - RolService.get_roles - 4 roles encontrados
2025-07-25 00:08:24 - INFO - LoginComponent.get_user_by_id - Consulta para usuario ID: 1
2025-07-25 00:08:24 - INFO - RolService.get_roles - Iniciando
2025-07-25 00:08:24 - INFO - RolService.get_roles - 4 roles encontrados
2025-07-25 00:08:26 - INFO - LoginComponent.get_user_by_id - Consulta para usuario ID: 1
2025-07-25 00:08:26 - INFO - RolService.get_roles - Iniciando
2025-07-25 00:08:26 - INFO - RolService.get_roles - 4 roles encontrados
2025-07-25 00:08:28 - INFO - LoginComponent.get_user_by_id - Consulta para usuario ID: 1
2025-07-25 00:08:28 - INFO - RolService.get_roles - Iniciando
2025-07-25 00:08:28 - INFO - RolService.get_roles - 4 roles encontrados
2025-07-25 17:30:18 - INFO - app - Iniciando Sistema Tía Glenda Backend
2025-07-25 17:30:19 - INFO - app - Iniciando Sistema Tía Glenda Backend
2025-07-25 17:30:28 - INFO - LoginService.login - Intento de autenticacion
2025-07-25 17:30:28 - INFO - LoginComponent.get_user_for_login - Busqueda para usuario: admin
2025-07-25 17:30:28 - INFO - LoginComponent.update_last_access - Actualizado para usuario ID: 1
2025-07-25 17:30:28 - INFO - LoginService.login - Autenticacion exitosa: admin
2025-07-25 17:30:31 - INFO - LoginComponent.get_user_by_id - Consulta para usuario ID: 1
2025-07-25 17:30:31 - INFO - EspecialidadService.get_especialidades - Iniciando
2025-07-25 17:30:31 - INFO - EspecialidadComponent.get_all_especialidades - 41 especialidades encontradas
2025-07-25 17:30:31 - INFO - EspecialidadService.get_especialidades - Especialidades obtenidas exitosamente
2025-07-25 17:30:36 - INFO - LoginComponent.get_user_by_id - Consulta para usuario ID: 1
2025-07-25 17:30:36 - INFO - EspecialidadService.get_especialidades - Iniciando
2025-07-25 17:30:36 - INFO - EspecialidadComponent.get_all_especialidades - 41 especialidades encontradas
2025-07-25 17:30:36 - INFO - EspecialidadService.get_especialidades - Especialidades obtenidas exitosamente
2025-07-25 17:33:44 - INFO - app - Iniciando Sistema Tía Glenda Backend
2025-07-25 17:34:25 - INFO - app - Iniciando Sistema Tía Glenda Backend
2025-07-25 17:34:33 - INFO - app - Iniciando Sistema Tía Glenda Backend
2025-07-25 17:34:39 - INFO - app - Iniciando Sistema Tía Glenda Backend
2025-07-25 17:35:27 - INFO - LoginService.login - Intento de autenticacion
2025-07-25 17:35:27 - INFO - LoginComponent.get_user_for_login - Busqueda para usuario: admin
2025-07-25 17:35:27 - INFO - LoginComponent.update_last_access - Actualizado para usuario ID: 1
2025-07-25 17:35:27 - INFO - LoginService.login - Autenticacion exitosa: admin
2025-07-25 17:35:34 - INFO - app - Iniciando Sistema Tía Glenda Backend
2025-07-25 17:35:40 - INFO - app - Iniciando Sistema Tía Glenda Backend
2025-07-25 17:35:49 - INFO - app - Iniciando Sistema Tía Glenda Backend
2025-07-25 17:35:56 - INFO - LoginService.login - Intento de autenticacion
2025-07-25 17:35:56 - INFO - LoginComponent.get_user_for_login - Busqueda para usuario: admin
2025-07-25 17:35:57 - INFO - LoginComponent.update_last_access - Actualizado para usuario ID: 1
2025-07-25 17:35:57 - INFO - LoginService.login - Autenticacion exitosa: admin
2025-07-25 17:35:59 - INFO - LoginComponent.get_user_by_id - Consulta para usuario ID: 1
2025-07-25 17:36:01 - INFO - LoginComponent.get_user_by_id - Consulta para usuario ID: 1
2025-07-25 17:36:03 - INFO - LoginComponent.get_user_by_id - Consulta para usuario ID: 1
2025-07-25 17:36:05 - INFO - LoginComponent.get_user_by_id - Consulta para usuario ID: 1
2025-07-25 17:36:08 - INFO - LoginComponent.get_user_by_id - Consulta para usuario ID: 1
2025-07-25 17:36:10 - INFO - LoginComponent.get_user_by_id - Consulta para usuario ID: 1
2025-07-25 17:36:10 - INFO - EspecialidadService.get_especialidades - Iniciando
2025-07-25 17:36:10 - INFO - EspecialidadComponent.get_all_especialidades - 41 especialidades encontradas
2025-07-25 17:36:10 - INFO - EspecialidadService.get_especialidades - Especialidades obtenidas exitosamente
2025-07-25 17:36:12 - INFO - LoginComponent.get_user_by_id - Consulta para usuario ID: 1
2025-07-25 17:42:10 - INFO - LoginService.login - Intento de autenticacion
2025-07-25 17:42:10 - INFO - LoginComponent.get_user_for_login - Busqueda para usuario: admin
2025-07-25 17:42:11 - INFO - LoginComponent.update_last_access - Actualizado para usuario ID: 1
2025-07-25 17:42:11 - INFO - LoginService.login - Autenticacion exitosa: admin
2025-07-25 17:42:13 - INFO - LoginComponent.get_user_by_id - Consulta para usuario ID: 1
2025-07-25 17:42:13 - INFO - SesionTerapiaService.get_sesiones - Iniciando
2025-07-25 17:42:13 - INFO - SesionTerapiaComponent.get_sesiones - Sesiones obtenidas exitosamente
2025-07-25 17:42:15 - INFO - LoginComponent.get_user_by_id - Consulta para usuario ID: 1
2025-07-25 17:42:15 - INFO - SesionTerapiaService.get_estadisticas - Iniciando
2025-07-25 17:42:16 - INFO - SesionTerapiaComponent.get_estadisticas_sesiones - Estadísticas obtenidas
2025-07-25 17:42:18 - INFO - LoginComponent.get_user_by_id - Consulta para usuario ID: 1
2025-07-25 17:42:18 - INFO - SesionTerapiaService.get_sesiones_hoy - Iniciando
2025-07-25 17:42:18 - INFO - SesionTerapiaComponent.get_sesiones_activas_hoy - 0 sesiones hoy
2025-07-25 17:42:18 - INFO - SesionTerapiaService.get_sesiones_hoy - 0 sesiones hoy
2025-07-25 17:42:20 - INFO - LoginComponent.get_user_by_id - Consulta para usuario ID: 1
2025-07-25 17:42:20 - INFO - SesionTerapiaService.get_terapeutas_disponibles - Iniciando
2025-07-25 17:42:20 - INFO - SesionTerapiaComponent.get_terapeutas_disponibles - 6 terapeutas disponibles
2025-07-25 17:42:20 - INFO - SesionTerapiaService.get_terapeutas_disponibles - 6 terapeutas disponibles
2025-07-25 17:42:22 - INFO - LoginComponent.get_user_by_id - Consulta para usuario ID: 1
2025-07-25 17:42:22 - INFO - SesionTerapiaService.get_pacientes_disponibles - Iniciando
2025-07-25 17:42:22 - INFO - SesionTerapiaComponent.get_pacientes_disponibles - 9 pacientes disponibles
2025-07-25 17:42:22 - INFO - SesionTerapiaService.get_pacientes_disponibles - 9 pacientes disponibles
2025-07-25 17:42:25 - INFO - LoginComponent.get_user_by_id - Consulta para usuario ID: 1
2025-07-25 17:42:25 - INFO - EspecialidadService.get_especialidades - Iniciando
2025-07-25 17:42:25 - INFO - EspecialidadComponent.get_all_especialidades - 41 especialidades encontradas
2025-07-25 17:42:25 - INFO - EspecialidadService.get_especialidades - Especialidades obtenidas exitosamente
2025-07-25 17:42:27 - INFO - LoginComponent.get_user_by_id - Consulta para usuario ID: 1
2025-07-25 17:42:27 - INFO - SesionTerapiaService.get_terapeutas_disponibles - Iniciando
2025-07-25 17:42:27 - INFO - SesionTerapiaComponent.get_terapeutas_disponibles - 6 terapeutas disponibles
2025-07-25 17:42:27 - INFO - SesionTerapiaService.get_terapeutas_disponibles - 6 terapeutas disponibles
2025-07-25 17:42:29 - INFO - LoginComponent.get_user_by_id - Consulta para usuario ID: 1
2025-07-25 17:42:29 - INFO - SesionTerapiaService.create_sesion - Iniciando
2025-07-25 17:43:11 - INFO - app - Iniciando Sistema Tía Glenda Backend
2025-07-25 17:43:37 - INFO - app - Iniciando Sistema Tía Glenda Backend
2025-07-25 17:43:55 - INFO - app - Iniciando Sistema Tía Glenda Backend
2025-07-25 17:44:07 - INFO - app - Iniciando Sistema Tía Glenda Backend
2025-07-25 17:44:08 - INFO - app - Iniciando Sistema Tía Glenda Backend
2025-07-25 17:44:17 - INFO - LoginService.login - Intento de autenticacion
2025-07-25 17:44:17 - INFO - LoginComponent.get_user_for_login - Busqueda para usuario: admin
2025-07-25 17:44:18 - INFO - LoginComponent.update_last_access - Actualizado para usuario ID: 1
2025-07-25 17:44:18 - INFO - LoginService.login - Autenticacion exitosa: admin
2025-07-25 17:44:20 - INFO - LoginComponent.get_user_by_id - Consulta para usuario ID: 1
2025-07-25 17:44:20 - INFO - SesionTerapiaService.get_sesiones - Iniciando
2025-07-25 17:44:20 - INFO - SesionTerapiaComponent.get_sesiones - Sesiones obtenidas exitosamente
2025-07-25 17:44:22 - INFO - LoginComponent.get_user_by_id - Consulta para usuario ID: 1
2025-07-25 17:44:22 - INFO - SesionTerapiaService.get_estadisticas - Iniciando
2025-07-25 17:44:23 - INFO - SesionTerapiaComponent.get_estadisticas_sesiones - Estadísticas obtenidas
2025-07-25 17:44:25 - INFO - LoginComponent.get_user_by_id - Consulta para usuario ID: 1
2025-07-25 17:44:25 - INFO - SesionTerapiaService.get_sesiones_hoy - Iniciando
2025-07-25 17:44:25 - INFO - SesionTerapiaComponent.get_sesiones_activas_hoy - 0 sesiones hoy
2025-07-25 17:44:25 - INFO - SesionTerapiaService.get_sesiones_hoy - 0 sesiones hoy
2025-07-25 17:44:27 - INFO - LoginComponent.get_user_by_id - Consulta para usuario ID: 1
2025-07-25 17:44:27 - INFO - SesionTerapiaService.get_terapeutas_disponibles - Iniciando
2025-07-25 17:44:27 - INFO - SesionTerapiaComponent.get_terapeutas_disponibles - 6 terapeutas disponibles
2025-07-25 17:44:27 - INFO - SesionTerapiaService.get_terapeutas_disponibles - 6 terapeutas disponibles
2025-07-25 17:44:29 - INFO - LoginComponent.get_user_by_id - Consulta para usuario ID: 1
2025-07-25 17:44:29 - INFO - SesionTerapiaService.get_pacientes_disponibles - Iniciando
2025-07-25 17:44:29 - INFO - SesionTerapiaComponent.get_pacientes_disponibles - 9 pacientes disponibles
2025-07-25 17:44:29 - INFO - SesionTerapiaService.get_pacientes_disponibles - 9 pacientes disponibles
2025-07-25 17:44:32 - INFO - LoginComponent.get_user_by_id - Consulta para usuario ID: 1
2025-07-25 17:44:32 - INFO - EspecialidadService.get_especialidades - Iniciando
2025-07-25 17:44:32 - INFO - EspecialidadComponent.get_all_especialidades - 41 especialidades encontradas
2025-07-25 17:44:32 - INFO - EspecialidadService.get_especialidades - Especialidades obtenidas exitosamente
2025-07-25 17:44:34 - INFO - LoginComponent.get_user_by_id - Consulta para usuario ID: 1
2025-07-25 17:44:34 - INFO - SesionTerapiaService.get_terapeutas_disponibles - Iniciando
2025-07-25 17:44:34 - INFO - SesionTerapiaComponent.get_terapeutas_disponibles - 6 terapeutas disponibles
2025-07-25 17:44:34 - INFO - SesionTerapiaService.get_terapeutas_disponibles - 6 terapeutas disponibles
2025-07-25 17:44:36 - INFO - LoginComponent.get_user_by_id - Consulta para usuario ID: 1
2025-07-25 17:44:36 - INFO - SesionTerapiaService.create_sesion - Iniciando
2025-07-25 17:45:25 - INFO - LoginService.login - Intento de autenticacion
2025-07-25 17:45:25 - INFO - LoginComponent.get_user_for_login - Busqueda para usuario: admin
2025-07-25 17:45:25 - INFO - LoginComponent.update_last_access - Actualizado para usuario ID: 1
2025-07-25 17:45:25 - INFO - LoginService.login - Autenticacion exitosa: admin
2025-07-25 17:45:27 - INFO - LoginComponent.get_user_by_id - Consulta para usuario ID: 1
2025-07-25 17:45:27 - INFO - EspecialidadService.get_especialidades - Iniciando
2025-07-25 17:45:28 - INFO - EspecialidadComponent.get_all_especialidades - 41 especialidades encontradas
2025-07-25 17:45:28 - INFO - EspecialidadService.get_especialidades - Especialidades obtenidas exitosamente
2025-07-25 17:45:30 - INFO - LoginComponent.get_user_by_id - Consulta para usuario ID: 1
2025-07-25 17:45:30 - INFO - SesionTerapiaService.get_terapeutas_disponibles - Iniciando
2025-07-25 17:45:30 - INFO - SesionTerapiaComponent.get_terapeutas_disponibles - 6 terapeutas disponibles
2025-07-25 17:45:30 - INFO - SesionTerapiaService.get_terapeutas_disponibles - 6 terapeutas disponibles
2025-07-25 17:45:32 - INFO - LoginComponent.get_user_by_id - Consulta para usuario ID: 1
2025-07-25 17:45:32 - INFO - SesionTerapiaService.get_pacientes_disponibles - Iniciando
2025-07-25 17:45:32 - INFO - SesionTerapiaComponent.get_pacientes_disponibles - 9 pacientes disponibles
2025-07-25 17:45:32 - INFO - SesionTerapiaService.get_pacientes_disponibles - 9 pacientes disponibles
2025-07-25 17:45:34 - INFO - LoginComponent.get_user_by_id - Consulta para usuario ID: 1
2025-07-25 17:45:34 - INFO - SesionTerapiaService.get_sesiones - Iniciando
2025-07-25 17:45:34 - INFO - SesionTerapiaComponent.get_sesiones - Sesiones obtenidas exitosamente
2025-07-25 17:45:37 - INFO - LoginComponent.get_user_by_id - Consulta para usuario ID: 1
2025-07-25 17:45:37 - INFO - SesionTerapiaService.create_sesion - Iniciando
2025-07-25 17:45:40 - INFO - LoginComponent.get_user_by_id - Consulta para usuario ID: 1
2025-07-25 17:45:40 - INFO - SesionTerapiaService.get_sesiones - Iniciando
2025-07-25 17:45:40 - INFO - SesionTerapiaComponent.get_sesiones - Sesiones obtenidas exitosamente
2025-07-25 17:45:42 - INFO - LoginComponent.get_user_by_id - Consulta para usuario ID: 1
2025-07-25 17:45:42 - INFO - SesionTerapiaService.create_sesion - Iniciando
2025-07-25 17:45:46 - INFO - LoginComponent.get_user_by_id - Consulta para usuario ID: 1
2025-07-25 17:45:46 - INFO - SesionTerapiaService.get_estadisticas - Iniciando
2025-07-25 17:45:47 - INFO - SesionTerapiaComponent.get_estadisticas_sesiones - Estadísticas obtenidas
2025-07-25 17:45:50 - INFO - LoginComponent.get_user_by_id - Consulta para usuario ID: 1
2025-07-25 17:45:50 - INFO - SesionTerapiaService.get_estadisticas - Iniciando
2025-07-25 17:45:50 - INFO - SesionTerapiaComponent.get_estadisticas_sesiones - Estadísticas obtenidas
2025-07-25 17:48:28 - INFO - LoginService.login - Intento de autenticacion
2025-07-25 17:48:28 - INFO - LoginComponent.get_user_for_login - Busqueda para usuario: admin
2025-07-25 17:48:29 - INFO - LoginComponent.update_last_access - Actualizado para usuario ID: 1
2025-07-25 17:48:29 - INFO - LoginService.login - Autenticacion exitosa: admin
2025-07-25 17:48:31 - INFO - LoginComponent.get_user_by_id - Consulta para usuario ID: 1
2025-07-25 17:48:31 - INFO - SesionTerapiaService.get_sesiones - Iniciando
2025-07-25 17:48:31 - INFO - SesionTerapiaComponent.get_sesiones - Sesiones obtenidas exitosamente
2025-07-25 17:48:33 - INFO - LoginComponent.get_user_by_id - Consulta para usuario ID: 1
2025-07-25 17:48:33 - INFO - SesionTerapiaService.get_estadisticas - Iniciando
2025-07-25 17:48:33 - INFO - SesionTerapiaComponent.get_estadisticas_sesiones - Estadísticas obtenidas
2025-07-25 17:48:35 - INFO - LoginComponent.get_user_by_id - Consulta para usuario ID: 1
2025-07-25 17:48:35 - INFO - SesionTerapiaService.get_sesiones_hoy - Iniciando
2025-07-25 17:48:35 - INFO - SesionTerapiaComponent.get_sesiones_activas_hoy - 0 sesiones hoy
2025-07-25 17:48:35 - INFO - SesionTerapiaService.get_sesiones_hoy - 0 sesiones hoy
2025-07-25 17:48:38 - INFO - LoginComponent.get_user_by_id - Consulta para usuario ID: 1
2025-07-25 17:48:38 - INFO - SesionTerapiaService.get_terapeutas_disponibles - Iniciando
2025-07-25 17:48:38 - INFO - SesionTerapiaComponent.get_terapeutas_disponibles - 6 terapeutas disponibles
2025-07-25 17:48:38 - INFO - SesionTerapiaService.get_terapeutas_disponibles - 6 terapeutas disponibles
2025-07-25 17:48:40 - INFO - LoginComponent.get_user_by_id - Consulta para usuario ID: 1
2025-07-25 17:48:40 - INFO - SesionTerapiaService.get_pacientes_disponibles - Iniciando
2025-07-25 17:48:40 - INFO - SesionTerapiaComponent.get_pacientes_disponibles - 9 pacientes disponibles
2025-07-25 17:48:40 - INFO - SesionTerapiaService.get_pacientes_disponibles - 9 pacientes disponibles
2025-07-25 17:48:42 - INFO - LoginComponent.get_user_by_id - Consulta para usuario ID: 1
2025-07-25 17:48:42 - INFO - EspecialidadService.get_especialidades - Iniciando
2025-07-25 17:48:42 - INFO - EspecialidadComponent.get_all_especialidades - 41 especialidades encontradas
2025-07-25 17:48:42 - INFO - EspecialidadService.get_especialidades - Especialidades obtenidas exitosamente
2025-07-25 17:48:44 - INFO - LoginComponent.get_user_by_id - Consulta para usuario ID: 1
2025-07-25 17:48:44 - INFO - SesionTerapiaService.get_terapeutas_disponibles - Iniciando
2025-07-25 17:48:44 - INFO - SesionTerapiaComponent.get_terapeutas_disponibles - 6 terapeutas disponibles
2025-07-25 17:48:44 - INFO - SesionTerapiaService.get_terapeutas_disponibles - 6 terapeutas disponibles
2025-07-25 17:48:46 - INFO - LoginComponent.get_user_by_id - Consulta para usuario ID: 1
2025-07-25 17:48:46 - INFO - SesionTerapiaService.create_sesion - Iniciando
2025-07-25 17:50:19 - INFO - app - Iniciando Sistema Tía Glenda Backend
2025-07-25 17:50:25 - INFO - app - Iniciando Sistema Tía Glenda Backend
2025-07-25 17:50:32 - INFO - app - Iniciando Sistema Tía Glenda Backend
2025-07-25 17:50:34 - INFO - app - Iniciando Sistema Tía Glenda Backend
2025-07-25 17:50:41 - INFO - app - Iniciando Sistema Tía Glenda Backend
2025-07-25 17:50:59 - INFO - app - Iniciando Sistema Tía Glenda Backend
2025-07-25 17:51:39 - INFO - app - Iniciando Sistema Tía Glenda Backend
2025-07-25 17:52:22 - INFO - LoginService.login - Intento de autenticacion
2025-07-25 17:52:22 - INFO - LoginComponent.get_user_for_login - Busqueda para usuario: admin
2025-07-25 17:52:23 - INFO - LoginComponent.update_last_access - Actualizado para usuario ID: 1
2025-07-25 17:52:23 - INFO - LoginService.login - Autenticacion exitosa: admin
2025-07-25 17:52:25 - INFO - LoginComponent.get_user_by_id - Consulta para usuario ID: 1
2025-07-25 17:52:25 - INFO - SesionTerapiaService.get_sesiones - Iniciando
2025-07-25 17:52:25 - INFO - SesionTerapiaComponent.get_sesiones - Sesiones obtenidas exitosamente
2025-07-25 17:52:27 - INFO - LoginComponent.get_user_by_id - Consulta para usuario ID: 1
2025-07-25 17:52:27 - INFO - SesionTerapiaService.get_estadisticas - Iniciando
2025-07-25 17:52:27 - INFO - SesionTerapiaComponent.get_estadisticas_sesiones - Estadísticas obtenidas
2025-07-25 17:52:29 - INFO - LoginComponent.get_user_by_id - Consulta para usuario ID: 1
2025-07-25 17:52:29 - INFO - SesionTerapiaService.get_sesiones_hoy - Iniciando
2025-07-25 17:52:29 - INFO - SesionTerapiaComponent.get_sesiones_activas_hoy - 0 sesiones hoy
2025-07-25 17:52:29 - INFO - SesionTerapiaService.get_sesiones_hoy - 0 sesiones hoy
2025-07-25 17:52:32 - INFO - LoginComponent.get_user_by_id - Consulta para usuario ID: 1
2025-07-25 17:52:32 - INFO - SesionTerapiaService.get_terapeutas_disponibles - Iniciando
2025-07-25 17:52:32 - INFO - SesionTerapiaComponent.get_terapeutas_disponibles - 6 terapeutas disponibles
2025-07-25 17:52:32 - INFO - SesionTerapiaService.get_terapeutas_disponibles - 6 terapeutas disponibles
2025-07-25 17:52:34 - INFO - LoginComponent.get_user_by_id - Consulta para usuario ID: 1
2025-07-25 17:52:34 - INFO - SesionTerapiaService.get_pacientes_disponibles - Iniciando
2025-07-25 17:52:34 - INFO - SesionTerapiaComponent.get_pacientes_disponibles - 9 pacientes disponibles
2025-07-25 17:52:34 - INFO - SesionTerapiaService.get_pacientes_disponibles - 9 pacientes disponibles
2025-07-25 17:53:07 - INFO - app - Iniciando Sistema Tía Glenda Backend
2025-07-25 17:53:07 - INFO - app - Iniciando Sistema Tía Glenda Backend
2025-07-25 17:53:28 - INFO - LoginService.login - Intento de autenticacion
2025-07-25 17:53:28 - INFO - LoginComponent.get_user_for_login - Busqueda para usuario: admin
2025-07-25 17:53:29 - INFO - LoginComponent.update_last_access - Actualizado para usuario ID: 1
2025-07-25 17:53:29 - INFO - LoginService.login - Autenticacion exitosa: admin
2025-07-25 17:53:31 - INFO - LoginComponent.get_user_by_id - Consulta para usuario ID: 1
2025-07-25 17:53:31 - INFO - EspecialidadService.get_especialidades - Iniciando
2025-07-25 17:53:31 - INFO - EspecialidadComponent.get_all_especialidades - 41 especialidades encontradas
2025-07-25 17:53:31 - INFO - EspecialidadService.get_especialidades - Especialidades obtenidas exitosamente
2025-07-25 17:53:33 - INFO - LoginComponent.get_user_by_id - Consulta para usuario ID: 1
2025-07-25 17:53:33 - INFO - SesionTerapiaService.get_terapeutas_disponibles - Iniciando
2025-07-25 17:53:33 - INFO - SesionTerapiaComponent.get_terapeutas_disponibles - 6 terapeutas disponibles
2025-07-25 17:53:33 - INFO - SesionTerapiaService.get_terapeutas_disponibles - 6 terapeutas disponibles
2025-07-25 17:53:35 - INFO - LoginComponent.get_user_by_id - Consulta para usuario ID: 1
2025-07-25 17:53:35 - INFO - SesionTerapiaService.get_pacientes_disponibles - Iniciando
2025-07-25 17:53:35 - INFO - SesionTerapiaComponent.get_pacientes_disponibles - 9 pacientes disponibles
2025-07-25 17:53:35 - INFO - SesionTerapiaService.get_pacientes_disponibles - 9 pacientes disponibles
2025-07-25 17:53:37 - INFO - LoginComponent.get_user_by_id - Consulta para usuario ID: 1
2025-07-25 17:53:37 - INFO - SesionTerapiaService.get_sesiones - Iniciando
2025-07-25 17:53:37 - INFO - SesionTerapiaComponent.get_sesiones - Sesiones obtenidas exitosamente
2025-07-25 17:53:40 - INFO - LoginComponent.get_user_by_id - Consulta para usuario ID: 1
2025-07-25 17:53:40 - INFO - SesionTerapiaService.create_sesion - Iniciando
2025-07-25 17:53:43 - INFO - LoginComponent.get_user_by_id - Consulta para usuario ID: 1
2025-07-25 17:53:43 - INFO - SesionTerapiaService.get_sesiones - Iniciando
2025-07-25 17:53:43 - INFO - SesionTerapiaComponent.get_sesiones - Sesiones obtenidas exitosamente
2025-07-25 17:53:45 - INFO - LoginComponent.get_user_by_id - Consulta para usuario ID: 1
2025-07-25 17:53:45 - INFO - SesionTerapiaService.create_sesion - Iniciando
2025-07-25 17:53:50 - INFO - LoginComponent.get_user_by_id - Consulta para usuario ID: 1
2025-07-25 17:53:50 - INFO - SesionTerapiaService.get_estadisticas - Iniciando
2025-07-25 17:53:50 - INFO - SesionTerapiaComponent.get_estadisticas_sesiones - Estadísticas obtenidas
2025-07-25 17:53:53 - INFO - LoginComponent.get_user_by_id - Consulta para usuario ID: 1
2025-07-25 17:53:53 - INFO - SesionTerapiaService.get_estadisticas - Iniciando
2025-07-25 17:53:53 - INFO - SesionTerapiaComponent.get_estadisticas_sesiones - Estadísticas obtenidas
2025-07-25 18:00:40 - INFO - app - Iniciando Sistema Tía Glenda Backend
2025-07-25 18:10:10 - INFO - app - Iniciando Sistema Tía Glenda Backend
2025-07-25 18:10:52 - INFO - LoginService.login - Intento de autenticacion
2025-07-25 18:10:52 - INFO - LoginComponent.get_user_for_login - Busqueda para usuario: admin
2025-07-25 18:10:53 - INFO - LoginComponent.update_last_access - Actualizado para usuario ID: 1
2025-07-25 18:10:53 - INFO - LoginService.login - Autenticacion exitosa: admin
2025-07-25 18:10:55 - INFO - LoginComponent.get_user_by_id - Consulta para usuario ID: 1
2025-07-25 18:10:55 - INFO - EspecialidadService.get_especialidades - Iniciando
2025-07-25 18:10:55 - INFO - EspecialidadComponent.get_all_especialidades - 41 especialidades encontradas
2025-07-25 18:10:55 - INFO - EspecialidadService.get_especialidades - Especialidades obtenidas exitosamente
2025-07-25 18:10:57 - INFO - LoginComponent.get_user_by_id - Consulta para usuario ID: 1
2025-07-25 18:10:57 - INFO - SesionTerapiaService.get_terapeutas_disponibles - Iniciando
2025-07-25 18:10:57 - INFO - SesionTerapiaComponent.get_terapeutas_disponibles - 6 terapeutas disponibles
2025-07-25 18:10:57 - INFO - SesionTerapiaService.get_terapeutas_disponibles - 6 terapeutas disponibles
2025-07-25 18:10:59 - INFO - LoginComponent.get_user_by_id - Consulta para usuario ID: 1
2025-07-25 18:10:59 - INFO - SesionTerapiaService.get_pacientes_disponibles - Iniciando
2025-07-25 18:10:59 - INFO - SesionTerapiaComponent.get_pacientes_disponibles - 9 pacientes disponibles
2025-07-25 18:10:59 - INFO - SesionTerapiaService.get_pacientes_disponibles - 9 pacientes disponibles
2025-07-25 18:11:02 - INFO - LoginComponent.get_user_by_id - Consulta para usuario ID: 1
2025-07-25 18:11:02 - INFO - SesionTerapiaService.get_sesiones - Iniciando
2025-07-25 18:11:02 - INFO - SesionTerapiaComponent.get_sesiones - Sesiones obtenidas exitosamente
2025-07-25 18:11:04 - INFO - LoginComponent.get_user_by_id - Consulta para usuario ID: 1
2025-07-25 18:11:04 - INFO - SesionTerapiaService.create_sesion - Iniciando
2025-07-25 18:11:07 - INFO - LoginComponent.get_user_by_id - Consulta para usuario ID: 1
2025-07-25 18:11:07 - INFO - SesionTerapiaService.get_sesiones - Iniciando
2025-07-25 18:11:07 - INFO - SesionTerapiaComponent.get_sesiones - Sesiones obtenidas exitosamente
2025-07-25 18:11:10 - INFO - LoginComponent.get_user_by_id - Consulta para usuario ID: 1
2025-07-25 18:11:10 - INFO - SesionTerapiaService.create_sesion - Iniciando
2025-07-25 18:11:14 - INFO - LoginComponent.get_user_by_id - Consulta para usuario ID: 1
2025-07-25 18:11:14 - INFO - SesionTerapiaService.get_estadisticas - Iniciando
2025-07-25 18:11:14 - INFO - SesionTerapiaComponent.get_estadisticas_sesiones - Estadísticas obtenidas
2025-07-25 18:11:14 - INFO - SesionTerapiaService.get_estadisticas - Estadísticas obtenidas
2025-07-25 18:11:16 - INFO - LoginComponent.get_user_by_id - Consulta para usuario ID: 1
2025-07-25 18:11:16 - INFO - SesionTerapiaService.get_sesiones_hoy - Iniciando
2025-07-25 18:11:16 - INFO - SesionTerapiaComponent.get_sesiones_activas_hoy - 0 sesiones hoy
2025-07-25 18:11:16 - INFO - SesionTerapiaService.get_sesiones_hoy - 0 sesiones hoy
2025-07-25 18:11:19 - INFO - LoginComponent.get_user_by_id - Consulta para usuario ID: 1
2025-07-25 18:11:19 - INFO - SesionTerapiaService.get_sesiones_by_terapeuta - ID: 1
2025-07-25 18:11:19 - INFO - SesionTerapiaComponent.get_sesiones_by_terapeuta - 0 sesiones encontradas
2025-07-25 18:11:19 - INFO - SesionTerapiaService.get_sesiones_by_terapeuta - Sesiones obtenidas
2025-07-25 18:36:31 - INFO - app - Iniciando Sistema Tía Glenda Backend
2025-07-25 18:39:09 - INFO - LoginService.login - Intento de autenticacion
2025-07-25 18:39:09 - INFO - LoginComponent.get_user_for_login - Busqueda para usuario: admin
2025-07-25 18:39:10 - INFO - LoginComponent.update_last_access - Actualizado para usuario ID: 1
2025-07-25 18:39:10 - INFO - LoginService.login - Autenticacion exitosa: admin
2025-07-25 18:39:12 - INFO - LoginComponent.get_user_by_id - Consulta para usuario ID: 1
2025-07-25 18:39:12 - INFO - EspecialidadService.get_especialidades - Iniciando
2025-07-25 18:39:12 - INFO - EspecialidadComponent.get_all_especialidades - 41 especialidades encontradas
2025-07-25 18:39:12 - INFO - EspecialidadService.get_especialidades - Especialidades obtenidas exitosamente
2025-07-25 18:39:14 - INFO - LoginComponent.get_user_by_id - Consulta para usuario ID: 1
2025-07-25 18:39:14 - INFO - SesionTerapiaService.get_terapeutas_disponibles - Iniciando
2025-07-25 18:39:14 - INFO - SesionTerapiaComponent.get_terapeutas_disponibles - 6 terapeutas disponibles
2025-07-25 18:39:14 - INFO - SesionTerapiaService.get_terapeutas_disponibles - 6 terapeutas disponibles
2025-07-25 18:39:16 - INFO - LoginComponent.get_user_by_id - Consulta para usuario ID: 1
2025-07-25 18:39:16 - INFO - SesionTerapiaService.get_pacientes_disponibles - Iniciando
2025-07-25 18:39:16 - INFO - SesionTerapiaComponent.get_pacientes_disponibles - 9 pacientes disponibles
2025-07-25 18:39:16 - INFO - SesionTerapiaService.get_pacientes_disponibles - 9 pacientes disponibles
2025-07-25 18:39:19 - INFO - LoginComponent.get_user_by_id - Consulta para usuario ID: 1
2025-07-25 18:39:19 - INFO - SesionTerapiaService.get_sesiones - Iniciando
2025-07-25 18:39:19 - INFO - SesionTerapiaComponent.get_sesiones - Sesiones obtenidas exitosamente
2025-07-25 18:39:21 - INFO - LoginComponent.get_user_by_id - Consulta para usuario ID: 1
2025-07-25 18:39:21 - INFO - SesionTerapiaService.create_sesion - Iniciando
2025-07-25 18:39:24 - INFO - LoginComponent.get_user_by_id - Consulta para usuario ID: 1
2025-07-25 18:39:24 - INFO - SesionTerapiaService.get_sesiones - Iniciando
2025-07-25 18:39:24 - INFO - SesionTerapiaComponent.get_sesiones - Sesiones obtenidas exitosamente
2025-07-25 18:39:26 - INFO - LoginComponent.get_user_by_id - Consulta para usuario ID: 1
2025-07-25 18:39:26 - INFO - SesionTerapiaService.create_sesion - Iniciando
2025-07-25 18:39:31 - INFO - LoginComponent.get_user_by_id - Consulta para usuario ID: 1
2025-07-25 18:39:31 - INFO - SesionTerapiaService.get_estadisticas - Iniciando
2025-07-25 18:39:31 - INFO - SesionTerapiaComponent.get_estadisticas_sesiones - Estadísticas obtenidas
2025-07-25 18:39:31 - INFO - SesionTerapiaService.get_estadisticas - Estadísticas obtenidas
2025-07-25 18:39:33 - INFO - LoginComponent.get_user_by_id - Consulta para usuario ID: 1
2025-07-25 18:39:33 - INFO - SesionTerapiaService.get_sesiones_hoy - Iniciando
2025-07-25 18:39:33 - INFO - SesionTerapiaComponent.get_sesiones_activas_hoy - 0 sesiones hoy
2025-07-25 18:39:33 - INFO - SesionTerapiaService.get_sesiones_hoy - 0 sesiones hoy
2025-07-25 18:39:35 - INFO - LoginComponent.get_user_by_id - Consulta para usuario ID: 1
2025-07-25 18:39:35 - INFO - SesionTerapiaService.get_sesiones_by_terapeuta - ID: 1
2025-07-25 18:39:36 - INFO - SesionTerapiaComponent.get_sesiones_by_terapeuta - 0 sesiones encontradas
2025-07-25 18:39:36 - INFO - SesionTerapiaService.get_sesiones_by_terapeuta - Sesiones obtenidas
2025-07-25 18:41:30 - INFO - app - Iniciando Sistema Tía Glenda Backend
