2025-07-24 17:48:21 - INFO - app - Iniciando Sistema Tía Glenda Backend
2025-07-24 17:48:22 - INFO - app - Iniciando Sistema Tía Glenda Backend
2025-07-24 17:48:34 - INFO - LoginService.login - Intento de autenticacion
2025-07-24 17:48:34 - INFO - LoginComponent.get_user_for_login - Busqueda para usuario: admin
2025-07-24 17:48:34 - INFO - LoginComponent.update_last_access - Actualizado para usuario ID: 1
2025-07-24 17:48:34 - INFO - LoginService.login - Autenticacion exitosa: admin
2025-07-24 17:48:35 - INFO - LoginService.login - Intento de autenticacion
2025-07-24 17:48:35 - INFO - LoginComponent.get_user_for_login - Busqueda para usuario: admin
2025-07-24 17:48:36 - INFO - LoginComponent.update_last_access - Actualizado para usuario ID: 1
2025-07-24 17:48:36 - INFO - LoginService.login - Autenticacion exitosa: admin
2025-07-24 17:48:52 - INFO - LoginComponent.get_user_by_id - Consulta para usuario ID: 1
2025-07-24 17:48:52 - INFO - Información solicitada para usuario: admin
2025-07-24 17:48:58 - INFO - LoginComponent.get_user_by_id - Consulta para usuario ID: 1
2025-07-24 17:48:58 - INFO - LoginService.verify_token - Token verificado correctamente
2025-07-24 17:49:05 - INFO - LoginComponent.get_user_by_id - Consulta para usuario ID: 1
2025-07-24 17:49:05 - INFO - PersonaService.get_personas - Iniciando
2025-07-24 17:49:05 - INFO - PersonaComponent.get_all_personas - 37 personas encontradas
2025-07-24 17:49:05 - INFO - PersonaService.get_personas - Personas obtenidas exitosamente
2025-07-24 17:49:24 - INFO - LoginComponent.get_user_by_id - Consulta para usuario ID: 1
2025-07-24 17:49:24 - INFO - PersonalService.get_personal - Iniciando
2025-07-24 17:49:24 - INFO - PersonalComponent.get_all_personal - 10 miembros del personal encontrados
2025-07-24 17:49:24 - INFO - PersonalService.get_personal - Personal obtenido exitosamente
2025-07-24 17:52:17 - INFO - Acceso a ruta de prueba
2025-07-24 17:52:30 - INFO - LoginService.login - Intento de autenticacion
2025-07-24 17:52:31 - INFO - LoginService.login - Intento de autenticacion
2025-07-24 17:52:39 - INFO - LoginService.login - Intento de autenticacion
2025-07-24 17:52:45 - INFO - LoginService.login - Intento de autenticacion
2025-07-24 17:52:48 - INFO - LoginService.login - Intento de autenticacion
2025-07-24 18:17:07 - INFO - LoginService.login - Intento de autenticacion
2025-07-24 18:17:07 - INFO - LoginComponent.get_user_for_login - Busqueda para usuario: admin
2025-07-24 18:17:07 - INFO - LoginComponent.update_last_access - Actualizado para usuario ID: 1
2025-07-24 18:17:07 - INFO - LoginService.login - Autenticacion exitosa: admin
2025-07-24 18:17:19 - INFO - LoginComponent.get_user_by_id - Consulta para usuario ID: 1
2025-07-24 18:17:19 - INFO - RolService.get_roles - Iniciando
2025-07-24 18:17:20 - INFO - RolService.get_roles - 4 roles encontrados
2025-07-24 18:17:30 - INFO - LoginComponent.get_user_by_id - Consulta para usuario ID: 1
2025-07-24 18:17:30 - INFO - PersonaService.get_personas - Iniciando
2025-07-24 18:17:31 - INFO - PersonaComponent.get_all_personas - 37 personas encontradas
2025-07-24 18:17:31 - INFO - PersonaService.get_personas - Personas obtenidas exitosamente
2025-07-24 18:18:08 - INFO - LoginComponent.get_user_by_id - Consulta para usuario ID: 1
2025-07-24 18:18:08 - INFO - TutorService.get_tutores - Iniciando
2025-07-24 18:18:08 - INFO - TutorComponent.get_all_tutores - 12 tutores encontrados
2025-07-24 18:18:08 - INFO - TutorService.get_tutores - Tutores obtenidos exitosamente
2025-07-24 18:18:37 - INFO - LoginComponent.get_user_by_id - Consulta para usuario ID: 1
2025-07-24 18:18:37 - INFO - PacienteService.get_pacientes - Iniciando
2025-07-24 18:18:37 - INFO - PacienteComponent.get_all_pacientes - 8 pacientes encontrados
2025-07-24 18:18:37 - INFO - PacienteService.get_pacientes - Pacientes obtenidos exitosamente
2025-07-24 18:18:50 - INFO - LoginComponent.get_user_by_id - Consulta para usuario ID: 1
2025-07-24 18:18:50 - INFO - PacienteService.get_pacientes_by_tutor - Tutor ID: 1
2025-07-24 18:18:50 - INFO - PacienteComponent.get_pacientes_by_tutor - 1 pacientes del tutor 1 encontrados
2025-07-24 18:18:50 - INFO - PacienteService.get_pacientes_by_tutor - Pacientes del tutor 1 obtenidos
2025-07-24 18:19:05 - INFO - LoginComponent.get_user_by_id - Consulta para usuario ID: 1
2025-07-24 18:19:05 - INFO - EspecialidadService.get_especialidades - Iniciando
2025-07-24 18:19:05 - INFO - EspecialidadComponent.get_all_especialidades - 43 especialidades encontradas
2025-07-24 18:19:05 - INFO - EspecialidadService.get_especialidades - Especialidades obtenidas exitosamente
2025-07-24 18:19:11 - INFO - LoginComponent.get_user_by_id - Consulta para usuario ID: 1
2025-07-24 18:19:11 - INFO - PersonalService.get_personal - Iniciando
2025-07-24 18:19:11 - INFO - PersonalComponent.get_all_personal - 10 miembros del personal encontrados
2025-07-24 18:19:11 - INFO - PersonalService.get_personal - Personal obtenido exitosamente
2025-07-24 18:19:25 - INFO - LoginComponent.get_user_by_id - Consulta para usuario ID: 1
2025-07-24 18:19:25 - INFO - PersonalService.get_estadisticas - Iniciando
2025-07-24 18:19:25 - INFO - PersonalComponent.get_estadisticas_personal - Estadísticas obtenidas
2025-07-24 18:19:25 - INFO - PersonalService.get_estadisticas - Estadísticas obtenidas
2025-07-24 18:34:32 - INFO - app - Iniciando Sistema Tía Glenda Backend
2025-07-24 18:34:32 - INFO - app - Iniciando Sistema Tía Glenda Backend
2025-07-24 18:34:48 - INFO - LoginService.login - Intento de autenticacion
2025-07-24 18:34:48 - INFO - LoginComponent.get_user_for_login - Busqueda para usuario: admin
2025-07-24 18:34:48 - INFO - LoginComponent.update_last_access - Actualizado para usuario ID: 1
2025-07-24 18:34:48 - INFO - LoginService.login - Autenticacion exitosa: admin
2025-07-24 18:34:50 - INFO - LoginComponent.get_user_by_id - Consulta para usuario ID: 1
2025-07-24 18:34:50 - INFO - RolService.get_roles - Iniciando
2025-07-24 18:34:50 - INFO - RolService.get_roles - 4 roles encontrados
2025-07-24 18:34:57 - INFO - LoginComponent.get_user_by_id - Consulta para usuario ID: 1
2025-07-24 18:34:57 - INFO - UsuarioService.get_usuarios - Iniciando
2025-07-24 18:34:57 - INFO - UsuarioComponent.get_all_usuarios - 10 usuarios encontrados
2025-07-24 18:34:57 - INFO - UsuarioService.get_usuarios - Usuarios obtenidos exitosamente
2025-07-24 18:34:59 - INFO - LoginComponent.get_user_by_id - Consulta para usuario ID: 1
2025-07-24 18:34:59 - INFO - RolService.get_roles - Iniciando
2025-07-24 18:34:59 - INFO - RolService.get_roles - 4 roles encontrados
2025-07-24 18:35:01 - INFO - LoginComponent.get_user_by_id - Consulta para usuario ID: 1
2025-07-24 18:35:01 - INFO - RolService.get_roles - Iniciando
2025-07-24 18:35:01 - INFO - RolService.get_roles - 4 roles encontrados
2025-07-24 18:35:03 - INFO - LoginComponent.get_user_by_id - Consulta para usuario ID: 1
2025-07-24 18:35:03 - INFO - RolService.get_roles - Iniciando
2025-07-24 18:35:04 - INFO - RolService.get_roles - 4 roles encontrados
2025-07-24 18:35:06 - INFO - LoginComponent.get_user_by_id - Consulta para usuario ID: 1
2025-07-24 18:35:06 - INFO - RolService.get_roles - Iniciando
2025-07-24 18:35:06 - INFO - RolService.get_roles - 4 roles encontrados
2025-07-24 18:35:08 - INFO - LoginComponent.get_user_by_id - Consulta para usuario ID: 1
2025-07-24 18:35:08 - INFO - RolService.get_roles - Iniciando
2025-07-24 18:35:08 - INFO - RolService.get_roles - 4 roles encontrados
