2025-08-04 16:28:41 - INFO - app - Iniciando Sistema Tía Glenda Backend
2025-08-04 16:29:02 - INFO - app - Iniciando Sistema Tía Glenda Backend
2025-08-04 16:29:46 - INFO - LoginService.login - Intento de autenticacion
2025-08-04 16:29:46 - INFO - LoginComponent.get_user_for_login - Busqueda para usuario: admin
2025-08-04 16:29:48 - INFO - LoginComponent.update_last_access - Actualizado para usuario ID: 1
2025-08-04 16:29:48 - INFO - LoginService.login - Autenticacion exitosa: admin
2025-08-04 16:29:56 - INFO - LoginComponent.get_user_by_id - Consulta para usuario ID: 1
2025-08-04 16:29:56 - INFO - PersonalService.get_personal - Iniciando
2025-08-04 16:29:56 - INFO - LoginComponent.get_user_by_id - Consulta para usuario ID: 1
2025-08-04 16:29:56 - INFO - LoginComponent.get_user_by_id - Consulta para usuario ID: 1
2025-08-04 16:29:56 - INFO - PersonaService.get_personas_disponibles - Iniciando
2025-08-04 16:29:56 - INFO - EspecialidadService.get_especialidades - Iniciando
2025-08-04 16:29:56 - INFO - PersonaComponent.get_personas_disponibles_para_usuario - 18 personas disponibles
2025-08-04 16:29:56 - INFO - PersonaService.get_personas_disponibles - Personas disponibles obtenidas
2025-08-04 16:29:56 - INFO - EspecialidadComponent.get_all_especialidades - 55 especialidades encontradas
2025-08-04 16:29:56 - INFO - EspecialidadService.get_especialidades - Especialidades obtenidas exitosamente
2025-08-04 16:29:57 - INFO - LoginComponent.get_user_by_id - Consulta para usuario ID: 1
2025-08-04 16:29:57 - INFO - PersonaService.get_personas_disponibles - Iniciando
2025-08-04 16:29:57 - INFO - LoginComponent.get_user_by_id - Consulta para usuario ID: 1
2025-08-04 16:29:57 - INFO - EspecialidadService.get_especialidades - Iniciando
2025-08-04 16:29:57 - INFO - PersonaComponent.get_personas_disponibles_para_usuario - 18 personas disponibles
2025-08-04 16:29:57 - INFO - PersonaService.get_personas_disponibles - Personas disponibles obtenidas
2025-08-04 16:29:58 - INFO - EspecialidadComponent.get_all_especialidades - 55 especialidades encontradas
2025-08-04 16:29:58 - INFO - EspecialidadService.get_especialidades - Especialidades obtenidas exitosamente
2025-08-04 16:29:58 - INFO - PersonalComponent.get_all_personal - 6 miembros del personal encontrados con especialidades
2025-08-04 16:29:58 - INFO - PersonalService.get_personal - Personal obtenido exitosamente
2025-08-04 16:29:59 - INFO - LoginComponent.get_user_by_id - Consulta para usuario ID: 1
2025-08-04 16:29:59 - INFO - PersonalService.get_personal - Iniciando
2025-08-04 16:30:01 - INFO - PersonalComponent.get_all_personal - 6 miembros del personal encontrados con especialidades
2025-08-04 16:30:01 - INFO - PersonalService.get_personal - Personal obtenido exitosamente
2025-08-04 16:30:08 - INFO - LoginComponent.get_user_by_id - Consulta para usuario ID: 1
2025-08-04 16:30:08 - INFO - LoginService.verify_token - Token verificado correctamente
2025-08-04 16:30:08 - INFO - LoginComponent.get_user_by_id - Consulta para usuario ID: 1
2025-08-04 16:30:08 - INFO - LoginService.verify_token - Token verificado correctamente
2025-08-04 16:30:09 - INFO - LoginComponent.get_user_by_id - Consulta para usuario ID: 1
2025-08-04 16:30:09 - INFO - Información solicitada para usuario: admin
2025-08-04 16:30:10 - INFO - LoginComponent.get_user_by_id - Consulta para usuario ID: 1
2025-08-04 16:30:10 - INFO - Información solicitada para usuario: admin
2025-08-04 16:30:11 - INFO - LoginComponent.get_user_by_id - Consulta para usuario ID: 1
2025-08-04 16:30:11 - INFO - PersonaService.get_personas_disponibles - Iniciando
2025-08-04 16:30:11 - INFO - LoginComponent.get_user_by_id - Consulta para usuario ID: 1
2025-08-04 16:30:11 - INFO - RolService.get_roles - Iniciando
2025-08-04 16:30:11 - INFO - LoginComponent.get_user_by_id - Consulta para usuario ID: 1
2025-08-04 16:30:11 - INFO - UsuarioService.get_usuarios - Iniciando
2025-08-04 16:30:11 - INFO - PersonaComponent.get_personas_disponibles_para_usuario - 18 personas disponibles
2025-08-04 16:30:11 - INFO - PersonaService.get_personas_disponibles - Personas disponibles obtenidas
2025-08-04 16:30:11 - INFO - RolService.get_roles - 4 roles encontrados
2025-08-04 16:30:11 - INFO - UsuarioComponent.get_all_usuarios - 8 usuarios encontrados
2025-08-04 16:30:11 - INFO - UsuarioService.get_usuarios - Usuarios obtenidos exitosamente
2025-08-04 16:30:12 - INFO - LoginComponent.get_user_by_id - Consulta para usuario ID: 1
2025-08-04 16:30:12 - INFO - PersonaService.get_personas_disponibles - Iniciando
2025-08-04 16:30:12 - INFO - LoginComponent.get_user_by_id - Consulta para usuario ID: 1
2025-08-04 16:30:12 - INFO - RolService.get_roles - Iniciando
2025-08-04 16:30:13 - INFO - LoginComponent.get_user_by_id - Consulta para usuario ID: 1
2025-08-04 16:30:13 - INFO - UsuarioService.get_usuarios - Iniciando
2025-08-04 16:30:13 - INFO - PersonaComponent.get_personas_disponibles_para_usuario - 18 personas disponibles
2025-08-04 16:30:13 - INFO - PersonaService.get_personas_disponibles - Personas disponibles obtenidas
2025-08-04 16:30:13 - INFO - RolService.get_roles - 4 roles encontrados
2025-08-04 16:30:13 - INFO - UsuarioComponent.get_all_usuarios - 8 usuarios encontrados
2025-08-04 16:30:13 - INFO - UsuarioService.get_usuarios - Usuarios obtenidos exitosamente
2025-08-04 16:37:09 - INFO - LoginComponent.get_user_by_id - Consulta para usuario ID: 1
2025-08-04 16:37:09 - INFO - PacienteService.get_pacientes - Iniciando
2025-08-04 16:37:09 - INFO - LoginComponent.get_user_by_id - Consulta para usuario ID: 1
2025-08-04 16:37:09 - INFO - PacienteService.get_personas_disponibles - Iniciando
2025-08-04 16:37:09 - INFO - LoginComponent.get_user_by_id - Consulta para usuario ID: 1
2025-08-04 16:37:09 - INFO - LoginComponent.get_user_by_id - Consulta para usuario ID: 1
2025-08-04 16:37:09 - INFO - PacienteService.get_estadisticas - Iniciando
2025-08-04 16:37:09 - INFO - TutorService.get_tutores - Iniciando
2025-08-04 16:37:10 - INFO - PacienteComponent.get_personas_disponibles_para_paciente - 17 personas disponibles
2025-08-04 16:37:10 - INFO - PacienteService.get_personas_disponibles - Personas disponibles obtenidas
2025-08-04 16:37:10 - INFO - PacienteComponent.get_all_pacientes - 9 pacientes encontrados
2025-08-04 16:37:10 - INFO - PacienteService.get_pacientes - Pacientes obtenidos exitosamente
2025-08-04 16:37:10 - INFO - TutorComponent.get_all_tutores - 9 tutores encontrados
2025-08-04 16:37:10 - INFO - TutorService.get_tutores - Tutores obtenidos exitosamente
2025-08-04 16:37:10 - INFO - PacienteComponent.get_estadisticas_pacientes - Estadísticas obtenidas
2025-08-04 16:37:10 - INFO - PacienteService.get_estadisticas - Estadísticas obtenidas
2025-08-04 16:37:10 - INFO - LoginComponent.get_user_by_id - Consulta para usuario ID: 1
2025-08-04 16:37:10 - INFO - PacienteService.get_personas_disponibles - Iniciando
2025-08-04 16:37:10 - INFO - LoginComponent.get_user_by_id - Consulta para usuario ID: 1
2025-08-04 16:37:10 - INFO - PacienteService.get_pacientes - Iniciando
2025-08-04 16:37:10 - INFO - LoginComponent.get_user_by_id - Consulta para usuario ID: 1
2025-08-04 16:37:10 - INFO - TutorService.get_tutores - Iniciando
2025-08-04 16:37:10 - INFO - PacienteComponent.get_personas_disponibles_para_paciente - 17 personas disponibles
2025-08-04 16:37:10 - INFO - PacienteService.get_personas_disponibles - Personas disponibles obtenidas
2025-08-04 16:37:10 - INFO - LoginComponent.get_user_by_id - Consulta para usuario ID: 1
2025-08-04 16:37:10 - INFO - PacienteService.get_estadisticas - Iniciando
2025-08-04 16:37:10 - INFO - PacienteComponent.get_all_pacientes - 9 pacientes encontrados
2025-08-04 16:37:10 - INFO - PacienteService.get_pacientes - Pacientes obtenidos exitosamente
2025-08-04 16:37:10 - INFO - TutorComponent.get_all_tutores - 9 tutores encontrados
2025-08-04 16:37:10 - INFO - TutorService.get_tutores - Tutores obtenidos exitosamente
2025-08-04 16:37:11 - INFO - PacienteComponent.get_estadisticas_pacientes - Estadísticas obtenidas
2025-08-04 16:37:11 - INFO - PacienteService.get_estadisticas - Estadísticas obtenidas
2025-08-04 16:37:23 - INFO - LoginComponent.get_user_by_id - Consulta para usuario ID: 1
2025-08-04 16:37:23 - INFO - EspecialidadService.get_especialidades - Iniciando
2025-08-04 16:37:23 - INFO - EspecialidadComponent.get_all_especialidades - 55 especialidades encontradas
2025-08-04 16:37:23 - INFO - EspecialidadService.get_especialidades - Especialidades obtenidas exitosamente
2025-08-04 16:37:23 - INFO - LoginComponent.get_user_by_id - Consulta para usuario ID: 1
2025-08-04 16:37:23 - INFO - EspecialidadService.get_especialidades - Iniciando
2025-08-04 16:37:24 - INFO - EspecialidadComponent.get_all_especialidades - 55 especialidades encontradas
2025-08-04 16:37:24 - INFO - EspecialidadService.get_especialidades - Especialidades obtenidas exitosamente
2025-08-04 17:54:09 - INFO - app - Iniciando Sistema Tía Glenda Backend
2025-08-04 17:54:10 - INFO - app - Iniciando Sistema Tía Glenda Backend
2025-08-04 17:55:37 - INFO - LoginComponent.get_user_by_id - Consulta para usuario ID: 1
2025-08-04 17:55:37 - INFO - LoginService.verify_token - Token verificado correctamente
2025-08-04 17:55:37 - INFO - LoginComponent.get_user_by_id - Consulta para usuario ID: 1
2025-08-04 17:55:37 - INFO - LoginService.verify_token - Token verificado correctamente
2025-08-04 17:55:38 - INFO - LoginComponent.get_user_by_id - Consulta para usuario ID: 1
2025-08-04 17:55:38 - INFO - Información solicitada para usuario: admin
2025-08-04 17:55:38 - INFO - LoginComponent.get_user_by_id - Consulta para usuario ID: 1
2025-08-04 17:55:38 - INFO - Información solicitada para usuario: admin
2025-08-04 17:55:39 - INFO - LoginComponent.get_user_by_id - Consulta para usuario ID: 1
2025-08-04 17:55:39 - INFO - LoginComponent.get_user_by_id - Consulta para usuario ID: 1
2025-08-04 17:55:39 - INFO - LoginComponent.get_user_by_id - Consulta para usuario ID: 1
2025-08-04 17:55:39 - INFO - PacienteService.get_pacientes - Iniciando
2025-08-04 17:55:39 - INFO - PacienteService.get_estadisticas - Iniciando
2025-08-04 17:55:39 - INFO - PacienteService.get_personas_disponibles - Iniciando
2025-08-04 17:55:39 - INFO - PacienteComponent.get_personas_disponibles_para_paciente - 17 personas disponibles
2025-08-04 17:55:39 - INFO - PacienteService.get_personas_disponibles - Personas disponibles obtenidas
2025-08-04 17:55:39 - INFO - PacienteComponent.get_all_pacientes - 9 pacientes encontrados
2025-08-04 17:55:39 - INFO - PacienteService.get_pacientes - Pacientes obtenidos exitosamente
2025-08-04 17:55:39 - INFO - LoginComponent.get_user_by_id - Consulta para usuario ID: 1
2025-08-04 17:55:39 - INFO - TutorService.get_tutores - Iniciando
2025-08-04 17:55:39 - INFO - TutorComponent.get_all_tutores - 9 tutores encontrados
2025-08-04 17:55:39 - INFO - TutorService.get_tutores - Tutores obtenidos exitosamente
2025-08-04 17:55:39 - INFO - PacienteComponent.get_estadisticas_pacientes - Estadísticas obtenidas
2025-08-04 17:55:39 - INFO - PacienteService.get_estadisticas - Estadísticas obtenidas
2025-08-04 17:55:40 - INFO - LoginComponent.get_user_by_id - Consulta para usuario ID: 1
2025-08-04 17:55:40 - INFO - LoginComponent.get_user_by_id - Consulta para usuario ID: 1
2025-08-04 17:55:40 - INFO - PacienteService.get_pacientes - Iniciando
2025-08-04 17:55:40 - INFO - PacienteService.get_personas_disponibles - Iniciando
2025-08-04 17:55:40 - INFO - LoginComponent.get_user_by_id - Consulta para usuario ID: 1
2025-08-04 17:55:40 - INFO - TutorService.get_tutores - Iniciando
2025-08-04 17:55:40 - INFO - PacienteComponent.get_personas_disponibles_para_paciente - 17 personas disponibles
2025-08-04 17:55:40 - INFO - PacienteService.get_personas_disponibles - Personas disponibles obtenidas
2025-08-04 17:55:40 - INFO - PacienteComponent.get_all_pacientes - 9 pacientes encontrados
2025-08-04 17:55:40 - INFO - PacienteService.get_pacientes - Pacientes obtenidos exitosamente
2025-08-04 17:55:40 - INFO - LoginComponent.get_user_by_id - Consulta para usuario ID: 1
2025-08-04 17:55:40 - INFO - PacienteService.get_estadisticas - Iniciando
2025-08-04 17:55:40 - INFO - TutorComponent.get_all_tutores - 9 tutores encontrados
2025-08-04 17:55:40 - INFO - TutorService.get_tutores - Tutores obtenidos exitosamente
2025-08-04 17:55:40 - INFO - PacienteComponent.get_estadisticas_pacientes - Estadísticas obtenidas
2025-08-04 17:55:40 - INFO - PacienteService.get_estadisticas - Estadísticas obtenidas
2025-08-04 19:53:16 - INFO - LoginComponent.get_user_by_id - Consulta para usuario ID: 1
2025-08-04 19:53:16 - INFO - EspecialidadService.get_especialidades - Iniciando
2025-08-04 19:53:16 - INFO - EspecialidadComponent.get_all_especialidades - 55 especialidades encontradas
2025-08-04 19:53:16 - INFO - EspecialidadService.get_especialidades - Especialidades obtenidas exitosamente
2025-08-04 19:53:16 - INFO - LoginComponent.get_user_by_id - Consulta para usuario ID: 1
2025-08-04 19:53:16 - INFO - EspecialidadService.get_especialidades - Iniciando
2025-08-04 19:53:16 - INFO - EspecialidadComponent.get_all_especialidades - 55 especialidades encontradas
2025-08-04 19:53:16 - INFO - EspecialidadService.get_especialidades - Especialidades obtenidas exitosamente
2025-08-04 19:55:15 - INFO - LoginComponent.get_user_by_id - Consulta para usuario ID: 1
2025-08-04 19:55:15 - INFO - PacienteService.get_personas_disponibles - Iniciando
2025-08-04 19:55:15 - INFO - LoginComponent.get_user_by_id - Consulta para usuario ID: 1
2025-08-04 19:55:15 - INFO - LoginComponent.get_user_by_id - Consulta para usuario ID: 1
2025-08-04 19:55:15 - INFO - PacienteService.get_estadisticas - Iniciando
2025-08-04 19:55:15 - INFO - PacienteService.get_pacientes - Iniciando
2025-08-04 19:55:15 - INFO - PacienteComponent.get_personas_disponibles_para_paciente - 17 personas disponibles
2025-08-04 19:55:15 - INFO - PacienteService.get_personas_disponibles - Personas disponibles obtenidas
2025-08-04 19:55:15 - INFO - PacienteComponent.get_all_pacientes - 9 pacientes encontrados
2025-08-04 19:55:15 - INFO - PacienteService.get_pacientes - Pacientes obtenidos exitosamente
2025-08-04 19:55:15 - INFO - LoginComponent.get_user_by_id - Consulta para usuario ID: 1
2025-08-04 19:55:15 - INFO - TutorService.get_tutores - Iniciando
2025-08-04 19:55:15 - INFO - TutorComponent.get_all_tutores - 9 tutores encontrados
2025-08-04 19:55:15 - INFO - TutorService.get_tutores - Tutores obtenidos exitosamente
2025-08-04 19:55:15 - INFO - PacienteComponent.get_estadisticas_pacientes - Estadísticas obtenidas
2025-08-04 19:55:15 - INFO - PacienteService.get_estadisticas - Estadísticas obtenidas
2025-08-04 19:55:15 - INFO - LoginComponent.get_user_by_id - Consulta para usuario ID: 1
2025-08-04 19:55:15 - INFO - PacienteService.get_personas_disponibles - Iniciando
2025-08-04 19:55:15 - INFO - LoginComponent.get_user_by_id - Consulta para usuario ID: 1
2025-08-04 19:55:15 - INFO - PacienteService.get_pacientes - Iniciando
2025-08-04 19:55:15 - INFO - PacienteComponent.get_personas_disponibles_para_paciente - 17 personas disponibles
2025-08-04 19:55:15 - INFO - PacienteService.get_personas_disponibles - Personas disponibles obtenidas
2025-08-04 19:55:15 - INFO - LoginComponent.get_user_by_id - Consulta para usuario ID: 1
2025-08-04 19:55:15 - INFO - TutorService.get_tutores - Iniciando
2025-08-04 19:55:15 - INFO - PacienteComponent.get_all_pacientes - 9 pacientes encontrados
2025-08-04 19:55:15 - INFO - PacienteService.get_pacientes - Pacientes obtenidos exitosamente
2025-08-04 19:55:15 - INFO - LoginComponent.get_user_by_id - Consulta para usuario ID: 1
2025-08-04 19:55:15 - INFO - PacienteService.get_estadisticas - Iniciando
2025-08-04 19:55:15 - INFO - TutorComponent.get_all_tutores - 9 tutores encontrados
2025-08-04 19:55:15 - INFO - TutorService.get_tutores - Tutores obtenidos exitosamente
2025-08-04 19:55:16 - INFO - PacienteComponent.get_estadisticas_pacientes - Estadísticas obtenidas
2025-08-04 19:55:16 - INFO - PacienteService.get_estadisticas - Estadísticas obtenidas
2025-08-04 19:56:20 - INFO - LoginComponent.get_user_by_id - Consulta para usuario ID: 1
2025-08-04 19:56:20 - INFO - PacienteService.get_pacientes - Iniciando
2025-08-04 19:56:20 - INFO - LoginComponent.get_user_by_id - Consulta para usuario ID: 1
2025-08-04 19:56:20 - INFO - PacienteService.get_personas_disponibles - Iniciando
2025-08-04 19:56:20 - INFO - LoginComponent.get_user_by_id - Consulta para usuario ID: 1
2025-08-04 19:56:20 - INFO - PacienteService.get_estadisticas - Iniciando
2025-08-04 19:56:20 - INFO - LoginComponent.get_user_by_id - Consulta para usuario ID: 1
2025-08-04 19:56:20 - INFO - TutorService.get_tutores - Iniciando
2025-08-04 19:56:20 - INFO - PacienteComponent.get_all_pacientes - 9 pacientes encontrados
2025-08-04 19:56:20 - INFO - PacienteService.get_pacientes - Pacientes obtenidos exitosamente
2025-08-04 19:56:20 - INFO - PacienteComponent.get_personas_disponibles_para_paciente - 17 personas disponibles
2025-08-04 19:56:20 - INFO - PacienteService.get_personas_disponibles - Personas disponibles obtenidas
2025-08-04 19:56:20 - INFO - TutorComponent.get_all_tutores - 9 tutores encontrados
2025-08-04 19:56:20 - INFO - TutorService.get_tutores - Tutores obtenidos exitosamente
2025-08-04 19:56:20 - INFO - PacienteComponent.get_estadisticas_pacientes - Estadísticas obtenidas
2025-08-04 19:56:20 - INFO - PacienteService.get_estadisticas - Estadísticas obtenidas
2025-08-04 19:57:49 - INFO - LoginComponent.get_user_by_id - Consulta para usuario ID: 1
2025-08-04 19:57:49 - INFO - EspecialidadService.get_especialidades - Iniciando
2025-08-04 19:57:49 - INFO - EspecialidadComponent.get_all_especialidades - 55 especialidades encontradas
2025-08-04 19:57:49 - INFO - EspecialidadService.get_especialidades - Especialidades obtenidas exitosamente
2025-08-04 19:57:49 - INFO - LoginComponent.get_user_by_id - Consulta para usuario ID: 1
2025-08-04 19:57:49 - INFO - EspecialidadService.get_especialidades - Iniciando
2025-08-04 19:57:49 - INFO - EspecialidadComponent.get_all_especialidades - 55 especialidades encontradas
2025-08-04 19:57:49 - INFO - EspecialidadService.get_especialidades - Especialidades obtenidas exitosamente
2025-08-04 19:58:59 - INFO - LoginComponent.get_user_by_id - Consulta para usuario ID: 1
2025-08-04 19:58:59 - INFO - LoginService.verify_token - Token verificado correctamente
2025-08-04 19:58:59 - INFO - LoginComponent.get_user_by_id - Consulta para usuario ID: 1
2025-08-04 19:58:59 - INFO - LoginService.verify_token - Token verificado correctamente
2025-08-04 19:59:00 - INFO - LoginComponent.get_user_by_id - Consulta para usuario ID: 1
2025-08-04 19:59:00 - INFO - Información solicitada para usuario: admin
2025-08-04 19:59:00 - INFO - LoginComponent.get_user_by_id - Consulta para usuario ID: 1
2025-08-04 19:59:00 - INFO - Información solicitada para usuario: admin
2025-08-04 19:59:01 - INFO - LoginComponent.get_user_by_id - Consulta para usuario ID: 1
2025-08-04 19:59:01 - INFO - PacienteService.get_pacientes - Iniciando
2025-08-04 19:59:01 - INFO - PacienteComponent.get_all_pacientes - 9 pacientes encontrados
2025-08-04 19:59:01 - INFO - PacienteService.get_pacientes - Pacientes obtenidos exitosamente
2025-08-04 19:59:01 - INFO - LoginComponent.get_user_by_id - Consulta para usuario ID: 1
2025-08-04 19:59:01 - INFO - PacienteService.get_personas_disponibles - Iniciando
2025-08-04 19:59:01 - INFO - LoginComponent.get_user_by_id - Consulta para usuario ID: 1
2025-08-04 19:59:01 - INFO - PacienteService.get_estadisticas - Iniciando
2025-08-04 19:59:01 - INFO - LoginComponent.get_user_by_id - Consulta para usuario ID: 1
2025-08-04 19:59:01 - INFO - TutorService.get_tutores - Iniciando
2025-08-04 19:59:01 - INFO - PacienteComponent.get_personas_disponibles_para_paciente - 17 personas disponibles
2025-08-04 19:59:01 - INFO - TutorComponent.get_all_tutores - 9 tutores encontrados
2025-08-04 19:59:01 - INFO - TutorService.get_tutores - Tutores obtenidos exitosamente
2025-08-04 19:59:01 - INFO - PacienteService.get_personas_disponibles - Personas disponibles obtenidas
2025-08-04 19:59:01 - INFO - LoginComponent.get_user_by_id - Consulta para usuario ID: 1
2025-08-04 19:59:01 - INFO - PacienteService.get_pacientes - Iniciando
2025-08-04 19:59:01 - INFO - PacienteComponent.get_estadisticas_pacientes - Estadísticas obtenidas
2025-08-04 19:59:01 - INFO - PacienteService.get_estadisticas - Estadísticas obtenidas
2025-08-04 19:59:01 - INFO - PacienteComponent.get_all_pacientes - 9 pacientes encontrados
2025-08-04 19:59:01 - INFO - PacienteService.get_pacientes - Pacientes obtenidos exitosamente
2025-08-04 19:59:02 - INFO - LoginComponent.get_user_by_id - Consulta para usuario ID: 1
2025-08-04 19:59:02 - INFO - LoginComponent.get_user_by_id - Consulta para usuario ID: 1
2025-08-04 19:59:02 - INFO - PacienteService.get_personas_disponibles - Iniciando
2025-08-04 19:59:02 - INFO - TutorService.get_tutores - Iniciando
2025-08-04 19:59:02 - INFO - PacienteComponent.get_personas_disponibles_para_paciente - 17 personas disponibles
2025-08-04 19:59:02 - INFO - PacienteService.get_personas_disponibles - Personas disponibles obtenidas
2025-08-04 19:59:02 - INFO - TutorComponent.get_all_tutores - 9 tutores encontrados
2025-08-04 19:59:02 - INFO - TutorService.get_tutores - Tutores obtenidos exitosamente
2025-08-04 19:59:02 - INFO - LoginComponent.get_user_by_id - Consulta para usuario ID: 1
2025-08-04 19:59:02 - INFO - PacienteService.get_estadisticas - Iniciando
2025-08-04 19:59:02 - INFO - PacienteComponent.get_estadisticas_pacientes - Estadísticas obtenidas
2025-08-04 19:59:02 - INFO - PacienteService.get_estadisticas - Estadísticas obtenidas
2025-08-04 19:59:06 - INFO - LoginComponent.get_user_by_id - Consulta para usuario ID: 1
2025-08-04 19:59:06 - INFO - EspecialidadService.get_especialidades - Iniciando
2025-08-04 19:59:06 - INFO - EspecialidadComponent.get_all_especialidades - 55 especialidades encontradas
2025-08-04 19:59:06 - INFO - EspecialidadService.get_especialidades - Especialidades obtenidas exitosamente
2025-08-04 19:59:06 - INFO - LoginComponent.get_user_by_id - Consulta para usuario ID: 1
2025-08-04 19:59:06 - INFO - EspecialidadService.get_especialidades - Iniciando
2025-08-04 19:59:06 - INFO - EspecialidadComponent.get_all_especialidades - 55 especialidades encontradas
2025-08-04 19:59:06 - INFO - EspecialidadService.get_especialidades - Especialidades obtenidas exitosamente
2025-08-04 19:59:11 - INFO - LoginComponent.get_user_by_id - Consulta para usuario ID: 1
2025-08-04 19:59:11 - INFO - PacienteService.get_pacientes - Iniciando
2025-08-04 19:59:11 - INFO - LoginComponent.get_user_by_id - Consulta para usuario ID: 1
2025-08-04 19:59:11 - INFO - LoginComponent.get_user_by_id - Consulta para usuario ID: 1
2025-08-04 19:59:11 - INFO - LoginComponent.get_user_by_id - Consulta para usuario ID: 1
2025-08-04 19:59:11 - INFO - PacienteService.get_estadisticas - Iniciando
2025-08-04 19:59:11 - INFO - TutorService.get_tutores - Iniciando
2025-08-04 19:59:11 - INFO - PacienteService.get_personas_disponibles - Iniciando
2025-08-04 19:59:11 - INFO - TutorComponent.get_all_tutores - 9 tutores encontrados
2025-08-04 19:59:11 - INFO - PacienteComponent.get_personas_disponibles_para_paciente - 17 personas disponibles
2025-08-04 19:59:11 - INFO - TutorService.get_tutores - Tutores obtenidos exitosamente
2025-08-04 19:59:11 - INFO - PacienteService.get_personas_disponibles - Personas disponibles obtenidas
2025-08-04 19:59:11 - INFO - PacienteComponent.get_all_pacientes - 9 pacientes encontrados
2025-08-04 19:59:11 - INFO - PacienteService.get_pacientes - Pacientes obtenidos exitosamente
2025-08-04 19:59:11 - INFO - PacienteComponent.get_estadisticas_pacientes - Estadísticas obtenidas
2025-08-04 19:59:11 - INFO - PacienteService.get_estadisticas - Estadísticas obtenidas
2025-08-04 20:00:18 - INFO - LoginComponent.get_user_by_id - Consulta para usuario ID: 1
2025-08-04 20:00:18 - INFO - LoginService.verify_token - Token verificado correctamente
2025-08-04 20:00:18 - INFO - LoginComponent.get_user_by_id - Consulta para usuario ID: 1
2025-08-04 20:00:18 - INFO - LoginService.verify_token - Token verificado correctamente
2025-08-04 20:00:18 - INFO - LoginComponent.get_user_by_id - Consulta para usuario ID: 1
2025-08-04 20:00:18 - INFO - Información solicitada para usuario: admin
2025-08-04 20:00:19 - INFO - LoginComponent.get_user_by_id - Consulta para usuario ID: 1
2025-08-04 20:00:19 - INFO - Información solicitada para usuario: admin
2025-08-04 20:00:19 - INFO - LoginComponent.get_user_by_id - Consulta para usuario ID: 1
2025-08-04 20:00:19 - INFO - PacienteService.get_pacientes - Iniciando
2025-08-04 20:00:19 - INFO - PacienteComponent.get_all_pacientes - 9 pacientes encontrados
2025-08-04 20:00:19 - INFO - PacienteService.get_pacientes - Pacientes obtenidos exitosamente
2025-08-04 20:00:19 - INFO - LoginComponent.get_user_by_id - Consulta para usuario ID: 1
2025-08-04 20:00:19 - INFO - TutorService.get_tutores - Iniciando
2025-08-04 20:00:19 - INFO - PacienteService.get_personas_disponibles - Iniciando
2025-08-04 20:00:19 - INFO - PacienteComponent.get_personas_disponibles_para_paciente - 17 personas disponibles
2025-08-04 20:00:19 - INFO - TutorComponent.get_all_tutores - 9 tutores encontrados
2025-08-04 20:00:19 - INFO - PacienteService.get_personas_disponibles - Personas disponibles obtenidas
2025-08-04 20:00:19 - INFO - TutorService.get_tutores - Tutores obtenidos exitosamente
2025-08-04 20:00:19 - INFO - LoginComponent.get_user_by_id - Consulta para usuario ID: 1
2025-08-04 20:00:19 - INFO - EspecialidadService.get_especialidades - Iniciando
2025-08-04 20:00:19 - INFO - EspecialidadComponent.get_all_especialidades - 55 especialidades encontradas
2025-08-04 20:00:19 - INFO - EspecialidadService.get_especialidades - Especialidades obtenidas exitosamente
2025-08-04 20:00:20 - INFO - LoginComponent.get_user_by_id - Consulta para usuario ID: 1
2025-08-04 20:00:20 - INFO - PacienteService.get_estadisticas - Iniciando
2025-08-04 20:00:20 - INFO - LoginComponent.get_user_by_id - Consulta para usuario ID: 1
2025-08-04 20:00:20 - INFO - PacienteService.get_pacientes - Iniciando
2025-08-04 20:00:20 - INFO - PacienteComponent.get_all_pacientes - 9 pacientes encontrados
2025-08-04 20:00:20 - INFO - PacienteService.get_pacientes - Pacientes obtenidos exitosamente
2025-08-04 20:00:20 - INFO - LoginComponent.get_user_by_id - Consulta para usuario ID: 1
2025-08-04 20:00:20 - INFO - PacienteService.get_personas_disponibles - Iniciando
2025-08-04 20:00:20 - INFO - LoginComponent.get_user_by_id - Consulta para usuario ID: 1
2025-08-04 20:00:20 - INFO - TutorService.get_tutores - Iniciando
2025-08-04 20:00:20 - INFO - PacienteComponent.get_estadisticas_pacientes - Estadísticas obtenidas
2025-08-04 20:00:20 - INFO - PacienteService.get_estadisticas - Estadísticas obtenidas
2025-08-04 20:00:20 - INFO - PacienteComponent.get_personas_disponibles_para_paciente - 17 personas disponibles
2025-08-04 20:00:20 - INFO - PacienteService.get_personas_disponibles - Personas disponibles obtenidas
2025-08-04 20:00:20 - INFO - TutorComponent.get_all_tutores - 9 tutores encontrados
2025-08-04 20:00:20 - INFO - TutorService.get_tutores - Tutores obtenidos exitosamente
2025-08-04 20:00:20 - INFO - LoginComponent.get_user_by_id - Consulta para usuario ID: 1
2025-08-04 20:00:20 - INFO - EspecialidadService.get_especialidades - Iniciando
2025-08-04 20:00:20 - INFO - EspecialidadComponent.get_all_especialidades - 55 especialidades encontradas
2025-08-04 20:00:20 - INFO - EspecialidadService.get_especialidades - Especialidades obtenidas exitosamente
2025-08-04 20:00:20 - INFO - LoginComponent.get_user_by_id - Consulta para usuario ID: 1
2025-08-04 20:00:20 - INFO - PacienteService.get_estadisticas - Iniciando
2025-08-04 20:00:20 - INFO - PacienteComponent.get_estadisticas_pacientes - Estadísticas obtenidas
2025-08-04 20:00:20 - INFO - PacienteService.get_estadisticas - Estadísticas obtenidas
2025-08-04 20:00:21 - INFO - LoginComponent.get_user_by_id - Consulta para usuario ID: 1
2025-08-04 20:00:21 - INFO - EspecialidadService.get_especialidades - Iniciando
2025-08-04 20:00:21 - INFO - EspecialidadComponent.get_all_especialidades - 55 especialidades encontradas
2025-08-04 20:00:21 - INFO - EspecialidadService.get_especialidades - Especialidades obtenidas exitosamente
2025-08-04 20:00:21 - INFO - LoginComponent.get_user_by_id - Consulta para usuario ID: 1
2025-08-04 20:00:21 - INFO - EspecialidadService.get_especialidades - Iniciando
2025-08-04 20:00:21 - INFO - EspecialidadComponent.get_all_especialidades - 55 especialidades encontradas
2025-08-04 20:00:21 - INFO - EspecialidadService.get_especialidades - Especialidades obtenidas exitosamente
2025-08-04 20:01:11 - INFO - LoginComponent.get_user_by_id - Consulta para usuario ID: 1
2025-08-04 20:01:11 - INFO - LoginService.verify_token - Token verificado correctamente
2025-08-04 20:01:12 - INFO - LoginComponent.get_user_by_id - Consulta para usuario ID: 1
2025-08-04 20:01:12 - INFO - LoginService.verify_token - Token verificado correctamente
2025-08-04 20:01:12 - INFO - LoginComponent.get_user_by_id - Consulta para usuario ID: 1
2025-08-04 20:01:12 - INFO - Información solicitada para usuario: admin
2025-08-04 20:01:12 - INFO - LoginComponent.get_user_by_id - Consulta para usuario ID: 1
2025-08-04 20:01:12 - INFO - PacienteService.get_pacientes - Iniciando
2025-08-04 20:01:12 - INFO - PacienteComponent.get_all_pacientes - 9 pacientes encontrados
2025-08-04 20:01:12 - INFO - PacienteService.get_pacientes - Pacientes obtenidos exitosamente
2025-08-04 20:01:12 - INFO - LoginComponent.get_user_by_id - Consulta para usuario ID: 1
2025-08-04 20:01:12 - INFO - EspecialidadService.get_especialidades - Iniciando
2025-08-04 20:01:12 - INFO - LoginComponent.get_user_by_id - Consulta para usuario ID: 1
2025-08-04 20:01:12 - INFO - PacienteService.get_personas_disponibles - Iniciando
2025-08-04 20:01:12 - INFO - LoginComponent.get_user_by_id - Consulta para usuario ID: 1
2025-08-04 20:01:12 - INFO - TutorService.get_tutores - Iniciando
2025-08-04 20:01:12 - INFO - LoginComponent.get_user_by_id - Consulta para usuario ID: 1
2025-08-04 20:01:12 - INFO - PacienteService.get_estadisticas - Iniciando
2025-08-04 20:01:12 - INFO - LoginComponent.get_user_by_id - Consulta para usuario ID: 1
2025-08-04 20:01:12 - INFO - Información solicitada para usuario: admin
2025-08-04 20:01:12 - INFO - EspecialidadComponent.get_all_especialidades - 55 especialidades encontradas
2025-08-04 20:01:12 - INFO - EspecialidadService.get_especialidades - Especialidades obtenidas exitosamente
2025-08-04 20:01:12 - INFO - PacienteComponent.get_personas_disponibles_para_paciente - 17 personas disponibles
2025-08-04 20:01:12 - INFO - PacienteService.get_personas_disponibles - Personas disponibles obtenidas
2025-08-04 20:01:12 - INFO - TutorComponent.get_all_tutores - 9 tutores encontrados
2025-08-04 20:01:12 - INFO - TutorService.get_tutores - Tutores obtenidos exitosamente
2025-08-04 20:01:13 - INFO - PacienteComponent.get_estadisticas_pacientes - Estadísticas obtenidas
2025-08-04 20:01:13 - INFO - PacienteService.get_estadisticas - Estadísticas obtenidas
2025-08-04 20:01:13 - INFO - LoginComponent.get_user_by_id - Consulta para usuario ID: 1
2025-08-04 20:01:13 - INFO - PacienteService.get_pacientes - Iniciando
2025-08-04 20:01:13 - INFO - PacienteComponent.get_all_pacientes - 9 pacientes encontrados
2025-08-04 20:01:13 - INFO - PacienteService.get_pacientes - Pacientes obtenidos exitosamente
2025-08-04 20:01:13 - INFO - LoginComponent.get_user_by_id - Consulta para usuario ID: 1
2025-08-04 20:01:13 - INFO - LoginComponent.get_user_by_id - Consulta para usuario ID: 1
2025-08-04 20:01:13 - INFO - PacienteService.get_personas_disponibles - Iniciando
2025-08-04 20:01:13 - INFO - EspecialidadService.get_especialidades - Iniciando
2025-08-04 20:01:13 - INFO - LoginComponent.get_user_by_id - Consulta para usuario ID: 1
2025-08-04 20:01:13 - INFO - TutorService.get_tutores - Iniciando
2025-08-04 20:01:13 - INFO - PacienteComponent.get_personas_disponibles_para_paciente - 17 personas disponibles
2025-08-04 20:01:13 - INFO - EspecialidadComponent.get_all_especialidades - 55 especialidades encontradas
2025-08-04 20:01:13 - INFO - EspecialidadService.get_especialidades - Especialidades obtenidas exitosamente
2025-08-04 20:01:13 - INFO - TutorComponent.get_all_tutores - 9 tutores encontrados
2025-08-04 20:01:13 - INFO - TutorService.get_tutores - Tutores obtenidos exitosamente
2025-08-04 20:01:13 - INFO - LoginComponent.get_user_by_id - Consulta para usuario ID: 1
2025-08-04 20:01:13 - INFO - PacienteService.get_estadisticas - Iniciando
2025-08-04 20:01:13 - INFO - PacienteComponent.get_estadisticas_pacientes - Estadísticas obtenidas
2025-08-04 20:01:13 - INFO - PacienteService.get_estadisticas - Estadísticas obtenidas
2025-08-04 20:01:14 - INFO - LoginComponent.get_user_by_id - Consulta para usuario ID: 1
2025-08-04 20:01:14 - INFO - EspecialidadService.get_especialidades - Iniciando
2025-08-04 20:01:14 - INFO - EspecialidadComponent.get_all_especialidades - 55 especialidades encontradas
2025-08-04 20:01:14 - INFO - EspecialidadService.get_especialidades - Especialidades obtenidas exitosamente
2025-08-04 20:01:15 - INFO - LoginComponent.get_user_by_id - Consulta para usuario ID: 1
2025-08-04 20:01:15 - INFO - EspecialidadService.get_especialidades - Iniciando
2025-08-04 20:01:15 - INFO - EspecialidadComponent.get_all_especialidades - 55 especialidades encontradas
2025-08-04 20:01:15 - INFO - EspecialidadService.get_especialidades - Especialidades obtenidas exitosamente
2025-08-04 20:02:50 - INFO - app - Iniciando Sistema Tía Glenda Backend
2025-08-04 20:04:33 - INFO - app - Iniciando Sistema Tía Glenda Backend
2025-08-04 20:04:40 - INFO - app - Iniciando Sistema Tía Glenda Backend
2025-08-04 20:04:41 - INFO - app - Iniciando Sistema Tía Glenda Backend
2025-08-04 20:05:03 - INFO - Acceso a ruta de prueba
2025-08-04 20:06:08 - INFO - LoginComponent.get_user_by_id - Consulta para usuario ID: 1
2025-08-04 20:06:08 - INFO - LoginService.verify_token - Token verificado correctamente
2025-08-04 20:06:08 - INFO - LoginComponent.get_user_by_id - Consulta para usuario ID: 1
2025-08-04 20:06:08 - INFO - LoginService.verify_token - Token verificado correctamente
2025-08-04 20:06:09 - INFO - LoginComponent.get_user_by_id - Consulta para usuario ID: 1
2025-08-04 20:06:09 - INFO - Información solicitada para usuario: admin
2025-08-04 20:06:09 - INFO - LoginComponent.get_user_by_id - Consulta para usuario ID: 1
2025-08-04 20:06:09 - INFO - Información solicitada para usuario: admin
2025-08-04 20:06:11 - INFO - LoginComponent.get_user_by_id - Consulta para usuario ID: 1
2025-08-04 20:06:11 - INFO - PacienteService.get_pacientes - Iniciando
2025-08-04 20:06:11 - INFO - PacienteComponent.get_all_pacientes - 9 pacientes encontrados
2025-08-04 20:06:11 - INFO - PacienteService.get_pacientes - Pacientes obtenidos exitosamente
2025-08-04 20:06:12 - INFO - LoginComponent.get_user_by_id - Consulta para usuario ID: 1
2025-08-04 20:06:12 - INFO - LoginComponent.get_user_by_id - Consulta para usuario ID: 1
2025-08-04 20:06:12 - INFO - PacienteService.get_personas_disponibles - Iniciando
2025-08-04 20:06:12 - INFO - TutorService.get_tutores - Iniciando
2025-08-04 20:06:12 - INFO - PacienteComponent.get_personas_disponibles_para_paciente - 17 personas disponibles
2025-08-04 20:06:12 - INFO - PacienteService.get_personas_disponibles - Personas disponibles obtenidas
2025-08-04 20:06:12 - INFO - TutorComponent.get_all_tutores - 9 tutores encontrados
2025-08-04 20:06:12 - INFO - TutorService.get_tutores - Tutores obtenidos exitosamente
2025-08-04 20:06:12 - INFO - LoginComponent.get_user_by_id - Consulta para usuario ID: 1
2025-08-04 20:06:12 - INFO - EspecialidadService.get_especialidades - Iniciando
2025-08-04 20:06:12 - INFO - EspecialidadComponent.get_all_especialidades - 55 especialidades encontradas
2025-08-04 20:06:12 - INFO - EspecialidadService.get_especialidades - Especialidades obtenidas exitosamente
2025-08-04 20:06:12 - INFO - LoginComponent.get_user_by_id - Consulta para usuario ID: 1
2025-08-04 20:06:12 - INFO - PacienteService.get_pacientes - Iniciando
2025-08-04 20:06:12 - INFO - LoginComponent.get_user_by_id - Consulta para usuario ID: 1
2025-08-04 20:06:12 - INFO - PacienteService.get_estadisticas - Iniciando
2025-08-04 20:06:12 - INFO - PacienteComponent.get_all_pacientes - 9 pacientes encontrados
2025-08-04 20:06:12 - INFO - PacienteService.get_pacientes - Pacientes obtenidos exitosamente
2025-08-04 20:06:12 - INFO - PacienteComponent.get_estadisticas_pacientes - Estadísticas obtenidas
2025-08-04 20:06:12 - INFO - PacienteService.get_estadisticas - Estadísticas obtenidas
2025-08-04 20:06:12 - INFO - LoginComponent.get_user_by_id - Consulta para usuario ID: 1
2025-08-04 20:06:12 - INFO - PacienteService.get_personas_disponibles - Iniciando
2025-08-04 20:06:12 - INFO - LoginComponent.get_user_by_id - Consulta para usuario ID: 1
2025-08-04 20:06:12 - INFO - TutorService.get_tutores - Iniciando
2025-08-04 20:06:12 - INFO - PacienteComponent.get_personas_disponibles_para_paciente - 17 personas disponibles
2025-08-04 20:06:12 - INFO - PacienteService.get_personas_disponibles - Personas disponibles obtenidas
2025-08-04 20:06:12 - INFO - TutorComponent.get_all_tutores - 9 tutores encontrados
2025-08-04 20:06:12 - INFO - TutorService.get_tutores - Tutores obtenidos exitosamente
2025-08-04 20:06:12 - INFO - LoginComponent.get_user_by_id - Consulta para usuario ID: 1
2025-08-04 20:06:12 - INFO - EspecialidadService.get_especialidades - Iniciando
2025-08-04 20:06:12 - INFO - EspecialidadComponent.get_all_especialidades - 55 especialidades encontradas
2025-08-04 20:06:12 - INFO - EspecialidadService.get_especialidades - Especialidades obtenidas exitosamente
2025-08-04 20:06:12 - INFO - LoginComponent.get_user_by_id - Consulta para usuario ID: 1
2025-08-04 20:06:12 - INFO - PacienteService.get_estadisticas - Iniciando
2025-08-04 20:06:12 - INFO - PacienteComponent.get_estadisticas_pacientes - Estadísticas obtenidas
2025-08-04 20:06:12 - INFO - PacienteService.get_estadisticas - Estadísticas obtenidas
2025-08-04 20:06:14 - INFO - LoginComponent.get_user_by_id - Consulta para usuario ID: 1
2025-08-04 20:06:14 - INFO - EspecialidadService.get_especialidades - Iniciando
2025-08-04 20:06:14 - INFO - EspecialidadComponent.get_all_especialidades - 55 especialidades encontradas
2025-08-04 20:06:14 - INFO - EspecialidadService.get_especialidades - Especialidades obtenidas exitosamente
2025-08-04 20:06:14 - INFO - LoginComponent.get_user_by_id - Consulta para usuario ID: 1
2025-08-04 20:06:14 - INFO - PacienteService.get_paciente_especialidades - Paciente ID: 9
2025-08-04 20:06:14 - INFO - PacienteComponent.get_paciente_especialidades - 3 especialidades encontradas para paciente 9
2025-08-04 20:06:14 - INFO - PacienteService.get_paciente_especialidades - Especialidades obtenidas para paciente 9
2025-08-04 20:06:14 - INFO - LoginComponent.get_user_by_id - Consulta para usuario ID: 1
2025-08-04 20:06:14 - INFO - EspecialidadService.get_especialidades - Iniciando
2025-08-04 20:06:14 - INFO - EspecialidadComponent.get_all_especialidades - 55 especialidades encontradas
2025-08-04 20:06:14 - INFO - EspecialidadService.get_especialidades - Especialidades obtenidas exitosamente
2025-08-04 20:06:14 - INFO - LoginComponent.get_user_by_id - Consulta para usuario ID: 1
2025-08-04 20:06:14 - INFO - PacienteService.get_paciente_especialidades - Paciente ID: 9
2025-08-04 20:06:15 - INFO - PacienteComponent.get_paciente_especialidades - 3 especialidades encontradas para paciente 9
2025-08-04 20:06:15 - INFO - PacienteService.get_paciente_especialidades - Especialidades obtenidas para paciente 9
