2025-07-18 17:52:16 - INFO - app - Iniciando Sistema Tía Glenda Backend
2025-07-18 17:52:17 - INFO - app - Iniciando Sistema Tía Glenda Backend
2025-07-18 17:52:31 - INFO - app - Iniciando Sistema Tía Glenda Backend
2025-07-18 17:52:31 - INFO - app - Iniciando Sistema Tía Glenda Backend
2025-07-18 17:54:21 - INFO - app - Iniciando Sistema Tía Glenda Backend
2025-07-18 17:54:21 - INFO - app - Iniciando Sistema Tía Glenda Backend
2025-07-18 17:54:49 - INFO - app - Iniciando Sistema Tía Glenda Backend
2025-07-18 17:54:49 - INFO - app - Iniciando Sistema Tía Glenda Backend
2025-07-18 17:55:42 - INFO - test_api - Endpoint de prueba llamado
2025-07-18 18:01:03 - INFO - app - Iniciando Sistema Tía Glenda Backend
2025-07-18 18:01:03 - INFO - app - Iniciando Sistema Tía Glenda Backend
2025-07-18 18:01:08 - INFO - Acceso a ruta de prueba
2025-07-18 18:02:13 - INFO - app - Iniciando Sistema Tía Glenda Backend
2025-07-18 18:02:22 - INFO - app - Iniciando Sistema Tía Glenda Backend
2025-07-18 18:02:45 - INFO - app - Iniciando Sistema Tía Glenda Backend
2025-07-18 18:02:51 - INFO - Acceso a ruta de prueba
2025-07-18 18:04:04 - INFO - app - Iniciando Sistema Tía Glenda Backend
2025-07-18 18:06:22 - INFO - app - Iniciando Sistema Tía Glenda Backend
2025-07-18 18:06:22 - INFO - app - Iniciando Sistema Tía Glenda Backend
2025-07-18 18:06:24 - INFO - test_database - Conexion a base de datos exitosa
2025-07-18 18:08:25 - INFO - app - Iniciando Sistema Tía Glenda Backend
2025-07-18 18:09:02 - INFO - app - Iniciando Sistema Tía Glenda Backend
2025-07-18 18:09:05 - INFO - test_database - Conexion a base de datos exitosa
2025-07-18 18:21:52 - INFO - app - Iniciando Sistema Tía Glenda Backend
2025-07-18 18:21:52 - INFO - app - Iniciando Sistema Tía Glenda Backend
2025-07-18 18:22:09 - INFO - app - Iniciando Sistema Tía Glenda Backend
2025-07-18 18:22:24 - INFO - app - Iniciando Sistema Tía Glenda Backend
2025-07-18 18:22:49 - INFO - Acceso a ruta de prueba
2025-07-18 18:22:51 - INFO - test_database - Conexion a base de datos exitosa
2025-07-18 18:22:53 - INFO - LoginService.login - Intento de autenticacion
2025-07-18 18:22:53 - INFO - LoginComponent.get_user_for_login - Busqueda para usuario: admin
2025-07-18 18:22:53 - INFO - LoginService.login - Contrasena incorrecta para: admin
2025-07-18 18:23:29 - INFO - app - Iniciando Sistema Tía Glenda Backend
2025-07-18 18:23:37 - INFO - Acceso a ruta de prueba
2025-07-18 18:23:40 - INFO - test_database - Conexion a base de datos exitosa
2025-07-18 18:23:42 - INFO - LoginService.login - Intento de autenticacion
2025-07-18 18:23:42 - INFO - LoginComponent.get_user_for_login - Busqueda para usuario: admin
2025-07-18 18:23:42 - INFO - LoginService.login - Contrasena incorrecta para: admin
2025-07-18 18:24:09 - INFO - app - Iniciando Sistema Tía Glenda Backend
2025-07-18 18:24:41 - INFO - Acceso a ruta de prueba
2025-07-18 18:24:43 - INFO - test_database - Conexion a base de datos exitosa
2025-07-18 18:24:45 - INFO - LoginService.login - Intento de autenticacion
2025-07-18 18:24:45 - INFO - LoginComponent.get_user_for_login - Busqueda para usuario: admin
2025-07-18 18:24:45 - INFO - LoginService.login - Contrasena incorrecta para: admin
2025-07-18 18:26:07 - INFO - app - Iniciando Sistema Tía Glenda Backend
2025-07-18 18:26:09 - INFO - app - Iniciando Sistema Tía Glenda Backend
2025-07-18 18:26:25 - INFO - app - Iniciando Sistema Tía Glenda Backend
2025-07-18 18:27:15 - INFO - app - Iniciando Sistema Tía Glenda Backend
2025-07-18 18:27:56 - INFO - app - Iniciando Sistema Tía Glenda Backend
2025-07-18 18:28:13 - INFO - app - Iniciando Sistema Tía Glenda Backend
2025-07-18 18:28:30 - INFO - Acceso a ruta de prueba
2025-07-18 18:28:32 - INFO - test_database - Conexion a base de datos exitosa
2025-07-18 18:28:34 - INFO - LoginService.login - Intento de autenticacion
2025-07-18 18:28:34 - INFO - LoginComponent.get_user_for_login - Busqueda para usuario: admin
2025-07-18 18:28:35 - INFO - LoginComponent.update_last_access - Actualizado para usuario ID: 1
2025-07-18 18:28:35 - INFO - LoginService.login - Autenticacion exitosa: admin
2025-07-18 18:28:37 - INFO - LoginService.login - Intento de autenticacion
2025-07-18 18:28:37 - INFO - LoginComponent.get_user_for_login - Busqueda para usuario: admin
2025-07-18 18:28:37 - INFO - LoginService.login - Contrasena incorrecta para: admin
2025-07-18 18:28:39 - INFO - LoginComponent.get_user_by_id - Consulta para usuario ID: 1
2025-07-18 18:28:39 - INFO - LoginService.verify_token - Token verificado correctamente
2025-07-18 18:28:41 - INFO - LoginComponent.get_user_by_id - Consulta para usuario ID: 1
2025-07-18 18:28:41 - INFO - Información solicitada para usuario: admin
2025-07-18 18:28:45 - INFO - LoginComponent.get_user_by_id - Consulta para usuario ID: 1
2025-07-18 18:28:45 - INFO - UsuarioService.get_usuarios - Iniciando
2025-07-18 18:28:45 - INFO - UsuarioComponent.get_all_usuarios - 1 usuarios encontrados
2025-07-18 18:28:45 - INFO - UsuarioService.get_usuarios - Usuarios obtenidos exitosamente
2025-07-18 18:28:47 - INFO - LoginComponent.get_user_by_id - Consulta para usuario ID: 1
2025-07-18 18:28:47 - INFO - UsuarioService.get_usuario - ID: 1
2025-07-18 18:28:47 - INFO - UsuarioComponent.get_usuario_by_id - Usuario 1 encontrado
2025-07-18 18:28:47 - INFO - UsuarioService.get_usuario - Usuario 1 encontrado
2025-07-18 18:28:49 - INFO - LoginComponent.get_user_by_id - Consulta para usuario ID: 1
2025-07-18 18:28:49 - INFO - UsuarioService.create_usuario - Iniciando
2025-07-18 18:28:50 - INFO - UsuarioComponent.get_usuario_by_id - Usuario 2 encontrado
2025-07-18 18:28:50 - INFO - UsuarioComponent.create_usuario - Usuario creado con ID: 2
2025-07-18 18:28:50 - INFO - UsuarioService.create_usuario - Usuario creado exitosamente
2025-07-18 18:28:52 - INFO - LoginComponent.get_user_by_id - Consulta para usuario ID: 1
2025-07-18 18:28:52 - INFO - UsuarioService.update_usuario - ID: 2
2025-07-18 18:28:52 - INFO - UsuarioComponent.get_usuario_by_id - Usuario 2 encontrado
2025-07-18 18:28:52 - INFO - UsuarioComponent.update_usuario - Usuario 2 actualizado
2025-07-18 18:28:52 - INFO - UsuarioService.update_usuario - Usuario 2 actualizado
2025-07-18 18:28:54 - INFO - LoginComponent.get_user_by_id - Consulta para usuario ID: 1
2025-07-18 18:28:54 - INFO - UsuarioService.delete_usuario - ID: 2
2025-07-18 18:28:56 - INFO - LoginComponent.get_user_by_id - Consulta para usuario ID: 1
2025-07-18 18:28:56 - INFO - UsuarioService.create_usuario - Iniciando
2025-07-18 18:28:58 - INFO - LoginComponent.get_user_by_id - Consulta para usuario ID: 1
2025-07-18 18:28:58 - INFO - UsuarioService.create_usuario - Iniciando
2025-07-18 18:29:00 - INFO - LoginComponent.get_user_by_id - Consulta para usuario ID: 1
2025-07-18 18:29:00 - INFO - UsuarioService.create_usuario - Iniciando
2025-07-18 18:29:03 - INFO - LoginComponent.get_user_by_id - Consulta para usuario ID: 1
2025-07-18 18:29:03 - INFO - Logout solicitado
