2025-08-02 20:37:41 - INFO - app - Iniciando Sistema Tía Glenda Backend
2025-08-02 20:37:44 - INFO - app - Iniciando Sistema Tía Glenda Backend
2025-08-02 20:38:05 - INFO - LoginService.login - Intento de autenticacion
2025-08-02 20:38:06 - INFO - LoginComponent.get_user_for_login - Busqueda para usuario: admin
2025-08-02 20:38:08 - INFO - LoginComponent.update_last_access - Actualizado para usuario ID: 1
2025-08-02 20:38:08 - INFO - LoginService.login - Autenticacion exitosa: admin
2025-08-02 20:38:11 - INFO - LoginComponent.get_user_by_id - Consulta para usuario ID: 1
2025-08-02 20:38:11 - INFO - PersonalService.get_personal - Iniciando
2025-08-02 20:38:12 - INFO - LoginComponent.get_user_by_id - Consulta para usuario ID: 1
2025-08-02 20:38:12 - INFO - LoginComponent.get_user_by_id - Consulta para usuario ID: 1
2025-08-02 20:38:12 - INFO - EspecialidadService.get_especialidades - Iniciando
2025-08-02 20:38:12 - INFO - PersonaService.get_personas_disponibles - Iniciando
2025-08-02 20:38:13 - INFO - EspecialidadComponent.get_all_especialidades - 55 especialidades encontradas
2025-08-02 20:38:13 - INFO - EspecialidadService.get_especialidades - Especialidades obtenidas exitosamente
2025-08-02 20:38:13 - INFO - PersonaComponent.get_personas_disponibles_para_usuario - 36 personas disponibles
2025-08-02 20:38:13 - INFO - PersonaService.get_personas_disponibles - Personas disponibles obtenidas
2025-08-02 20:38:13 - INFO - LoginComponent.get_user_by_id - Consulta para usuario ID: 1
2025-08-02 20:38:13 - INFO - EspecialidadService.get_especialidades - Iniciando
2025-08-02 20:38:13 - INFO - LoginComponent.get_user_by_id - Consulta para usuario ID: 1
2025-08-02 20:38:13 - INFO - PersonaService.get_personas_disponibles - Iniciando
2025-08-02 20:38:13 - INFO - EspecialidadComponent.get_all_especialidades - 55 especialidades encontradas
2025-08-02 20:38:13 - INFO - EspecialidadService.get_especialidades - Especialidades obtenidas exitosamente
2025-08-02 20:38:13 - INFO - PersonaComponent.get_personas_disponibles_para_usuario - 36 personas disponibles
2025-08-02 20:38:13 - INFO - PersonaService.get_personas_disponibles - Personas disponibles obtenidas
2025-08-02 20:38:13 - INFO - PersonalComponent.get_all_personal - 8 miembros del personal encontrados con especialidades
2025-08-02 20:38:13 - INFO - PersonalService.get_personal - Personal obtenido exitosamente
2025-08-02 20:38:14 - INFO - LoginComponent.get_user_by_id - Consulta para usuario ID: 1
2025-08-02 20:38:14 - INFO - PersonalService.get_personal - Iniciando
2025-08-02 20:38:15 - INFO - PersonalComponent.get_all_personal - 8 miembros del personal encontrados con especialidades
2025-08-02 20:38:15 - INFO - PersonalService.get_personal - Personal obtenido exitosamente
2025-08-02 20:38:21 - INFO - LoginComponent.get_user_by_id - Consulta para usuario ID: 1
2025-08-02 20:38:21 - INFO - PersonaService.get_personas - Iniciando
2025-08-02 20:38:21 - INFO - PersonaComponent.get_all_personas - 45 personas encontradas
2025-08-02 20:38:21 - INFO - PersonaService.get_personas - Personas obtenidas exitosamente
2025-08-02 20:38:22 - INFO - LoginComponent.get_user_by_id - Consulta para usuario ID: 1
2025-08-02 20:38:22 - INFO - PersonaService.get_personas - Iniciando
2025-08-02 20:38:22 - INFO - PersonaComponent.get_all_personas - 45 personas encontradas
2025-08-02 20:38:22 - INFO - PersonaService.get_personas - Personas obtenidas exitosamente
2025-08-02 20:53:09 - INFO - app - Iniciando Sistema Tía Glenda Backend
2025-08-02 20:53:10 - INFO - app - Iniciando Sistema Tía Glenda Backend
2025-08-02 21:00:35 - INFO - app - Iniciando Sistema Tía Glenda Backend
2025-08-02 21:07:28 - INFO - test_database - Conexion a base de datos exitosa
2025-08-02 21:07:41 - INFO - LoginService.login - Intento de autenticacion
2025-08-02 21:07:41 - INFO - LoginComponent.get_user_for_login - Busqueda para usuario: admin
2025-08-02 21:07:42 - INFO - LoginComponent.update_last_access - Actualizado para usuario ID: 1
2025-08-02 21:07:42 - INFO - LoginService.login - Autenticacion exitosa: admin
2025-08-02 21:15:35 - INFO - LoginComponent.get_user_by_id - Consulta para usuario ID: 1
2025-08-02 21:15:35 - INFO - LoginService.verify_token - Token verificado correctamente
2025-08-02 21:15:35 - INFO - LoginComponent.get_user_by_id - Consulta para usuario ID: 1
2025-08-02 21:15:35 - INFO - LoginService.verify_token - Token verificado correctamente
2025-08-02 21:15:36 - INFO - LoginComponent.get_user_by_id - Consulta para usuario ID: 1
2025-08-02 21:15:36 - INFO - Información solicitada para usuario: admin
2025-08-02 21:15:36 - INFO - LoginComponent.get_user_by_id - Consulta para usuario ID: 1
2025-08-02 21:15:36 - INFO - Información solicitada para usuario: admin
2025-08-02 21:15:39 - INFO - LoginComponent.get_user_by_id - Consulta para usuario ID: 1
2025-08-02 21:15:39 - INFO - LoginComponent.get_user_by_id - Consulta para usuario ID: 1
2025-08-02 21:15:39 - INFO - LoginComponent.get_user_by_id - Consulta para usuario ID: 1
2025-08-02 21:15:39 - INFO - LoginComponent.get_user_by_id - Consulta para usuario ID: 1
2025-08-02 21:15:39 - INFO - TutorService.get_tutores - Iniciando
2025-08-02 21:15:39 - INFO - TutorComponent.get_all_tutores - 9 tutores encontrados
2025-08-02 21:15:39 - INFO - TutorService.get_tutores - Tutores obtenidos exitosamente
2025-08-02 21:15:40 - INFO - LoginComponent.get_user_by_id - Consulta para usuario ID: 1
2025-08-02 21:15:40 - INFO - LoginComponent.get_user_by_id - Consulta para usuario ID: 1
2025-08-02 21:15:40 - INFO - LoginComponent.get_user_by_id - Consulta para usuario ID: 1
2025-08-02 21:15:40 - INFO - TutorService.get_tutores - Iniciando
2025-08-02 21:15:40 - INFO - LoginComponent.get_user_by_id - Consulta para usuario ID: 1
2025-08-02 21:15:40 - INFO - TutorComponent.get_all_tutores - 9 tutores encontrados
2025-08-02 21:15:40 - INFO - TutorService.get_tutores - Tutores obtenidos exitosamente
2025-08-02 21:15:45 - INFO - LoginService.login - Intento de autenticacion
2025-08-02 21:15:45 - INFO - LoginComponent.get_user_for_login - Busqueda para usuario: admin
2025-08-02 21:15:46 - INFO - LoginComponent.update_last_access - Actualizado para usuario ID: 1
2025-08-02 21:15:46 - INFO - LoginService.login - Autenticacion exitosa: admin
2025-08-02 21:15:50 - INFO - LoginComponent.get_user_by_id - Consulta para usuario ID: 1
2025-08-02 21:15:50 - INFO - LoginComponent.get_user_by_id - Consulta para usuario ID: 1
2025-08-02 21:15:50 - INFO - TutorService.get_tutores - Iniciando
2025-08-02 21:15:50 - INFO - LoginComponent.get_user_by_id - Consulta para usuario ID: 1
2025-08-02 21:15:50 - INFO - LoginComponent.get_user_by_id - Consulta para usuario ID: 1
2025-08-02 21:15:50 - INFO - TutorComponent.get_all_tutores - 9 tutores encontrados
2025-08-02 21:15:50 - INFO - TutorService.get_tutores - Tutores obtenidos exitosamente
2025-08-02 21:15:50 - INFO - LoginComponent.get_user_by_id - Consulta para usuario ID: 1
2025-08-02 21:15:50 - INFO - LoginComponent.get_user_by_id - Consulta para usuario ID: 1
2025-08-02 21:15:50 - INFO - LoginComponent.get_user_by_id - Consulta para usuario ID: 1
2025-08-02 21:15:50 - INFO - LoginComponent.get_user_by_id - Consulta para usuario ID: 1
2025-08-02 21:15:50 - INFO - TutorService.get_tutores - Iniciando
2025-08-02 21:15:50 - INFO - TutorComponent.get_all_tutores - 9 tutores encontrados
2025-08-02 21:15:50 - INFO - TutorService.get_tutores - Tutores obtenidos exitosamente
2025-08-02 21:29:52 - INFO - app - Iniciando Sistema Tía Glenda Backend
